Making install in builds
make[1]: Entering directory '${REPO_ROOT}/.work/experiments/lgx-icu/deps/sodium-src-x86_64/builds'
make[2]: Entering directory '${REPO_ROOT}/.work/experiments/lgx-icu/deps/sodium-src-x86_64/builds'
make[2]: Nothing to be done for 'install-exec-am'.
make[2]: Nothing to be done for 'install-data-am'.
make[2]: Leaving directory '${REPO_ROOT}/.work/experiments/lgx-icu/deps/sodium-src-x86_64/builds'
make[1]: Leaving directory '${REPO_ROOT}/.work/experiments/lgx-icu/deps/sodium-src-x86_64/builds'
Making install in contrib
make[1]: Entering directory '${REPO_ROOT}/.work/experiments/lgx-icu/deps/sodium-src-x86_64/contrib'
make[2]: Entering directory '${REPO_ROOT}/.work/experiments/lgx-icu/deps/sodium-src-x86_64/contrib'
make[2]: Nothing to be done for 'install-exec-am'.
make[2]: Nothing to be done for 'install-data-am'.
make[2]: Leaving directory '${REPO_ROOT}/.work/experiments/lgx-icu/deps/sodium-src-x86_64/contrib'
make[1]: Leaving directory '${REPO_ROOT}/.work/experiments/lgx-icu/deps/sodium-src-x86_64/contrib'
Making install in dist-build
make[1]: Entering directory '${REPO_ROOT}/.work/experiments/lgx-icu/deps/sodium-src-x86_64/dist-build'
make[2]: Entering directory '${REPO_ROOT}/.work/experiments/lgx-icu/deps/sodium-src-x86_64/dist-build'
make[2]: Nothing to be done for 'install-exec-am'.
make[2]: Nothing to be done for 'install-data-am'.
make[2]: Leaving directory '${REPO_ROOT}/.work/experiments/lgx-icu/deps/sodium-src-x86_64/dist-build'
make[1]: Leaving directory '${REPO_ROOT}/.work/experiments/lgx-icu/deps/sodium-src-x86_64/dist-build'
Making install in src
make[1]: Entering directory '${REPO_ROOT}/.work/experiments/lgx-icu/deps/sodium-src-x86_64/src'
Making install in libsodium
make[2]: Entering directory '${REPO_ROOT}/.work/experiments/lgx-icu/deps/sodium-src-x86_64/src/libsodium'
Making install in include
make[3]: Entering directory '${REPO_ROOT}/.work/experiments/lgx-icu/deps/sodium-src-x86_64/src/libsodium/include'
make[4]: Entering directory '${REPO_ROOT}/.work/experiments/lgx-icu/deps/sodium-src-x86_64/src/libsodium/include'
make[4]: Nothing to be done for 'install-exec-am'.
 /usr/bin/mkdir -p '${REPO_ROOT}/.work/experiments/lgx-icu/deps/sodium-x86_64/include'
 /usr/bin/mkdir -p '${REPO_ROOT}/.work/experiments/lgx-icu/deps/sodium-x86_64/include/sodium'
 /usr/bin/install -c -m 644  sodium/core.h sodium/crypto_aead_aes256gcm.h sodium/crypto_aead_aegis128l.h sodium/crypto_aead_aegis256.h sodium/crypto_aead_chacha20poly1305.h sodium/crypto_aead_xchacha20poly1305.h sodium/crypto_auth.h sodium/crypto_auth_hmacsha256.h sodium/crypto_auth_hmacsha512.h sodium/crypto_auth_hmacsha512256.h sodium/crypto_box.h sodium/crypto_box_curve25519xchacha20poly1305.h sodium/crypto_box_curve25519xsalsa20poly1305.h sodium/crypto_core_ed25519.h sodium/crypto_core_ristretto255.h sodium/crypto_core_hchacha20.h sodium/crypto_core_hsalsa20.h sodium/crypto_core_salsa20.h sodium/crypto_core_salsa2012.h sodium/crypto_core_salsa208.h sodium/crypto_generichash.h sodium/crypto_generichash_blake2b.h sodium/crypto_hash.h sodium/crypto_hash_sha256.h sodium/crypto_hash_sha512.h sodium/crypto_kdf.h sodium/crypto_kdf_hkdf_sha256.h sodium/crypto_kdf_hkdf_sha512.h sodium/crypto_kdf_blake2b.h sodium/crypto_kx.h sodium/crypto_onetimeauth.h sodium/crypto_onetimeauth_poly1305.h sodium/crypto_pwhash.h sodium/crypto_pwhash_argon2i.h sodium/crypto_pwhash_argon2id.h sodium/crypto_pwhash_scryptsalsa208sha256.h sodium/crypto_scalarmult.h sodium/crypto_scalarmult_curve25519.h sodium/crypto_scalarmult_ed25519.h sodium/crypto_scalarmult_ristretto255.h '${REPO_ROOT}/.work/experiments/lgx-icu/deps/sodium-x86_64/include/sodium'
 /usr/bin/mkdir -p '${REPO_ROOT}/.work/experiments/lgx-icu/deps/sodium-x86_64/include/sodium'
 /usr/bin/install -c -m 644  sodium/crypto_secretbox.h sodium/crypto_secretbox_xchacha20poly1305.h sodium/crypto_secretbox_xsalsa20poly1305.h sodium/crypto_secretstream_xchacha20poly1305.h sodium/crypto_shorthash.h sodium/crypto_shorthash_siphash24.h sodium/crypto_sign.h sodium/crypto_sign_ed25519.h sodium/crypto_sign_edwards25519sha512batch.h sodium/crypto_stream.h sodium/crypto_stream_chacha20.h sodium/crypto_stream_salsa20.h sodium/crypto_stream_salsa2012.h sodium/crypto_stream_salsa208.h sodium/crypto_stream_xchacha20.h sodium/crypto_stream_xsalsa20.h sodium/crypto_verify_16.h sodium/crypto_verify_32.h sodium/crypto_verify_64.h sodium/export.h sodium/randombytes.h sodium/randombytes_internal_random.h sodium/randombytes_sysrandom.h sodium/runtime.h sodium/utils.h '${REPO_ROOT}/.work/experiments/lgx-icu/deps/sodium-x86_64/include/sodium'
 /usr/bin/install -c -m 644  sodium.h '${REPO_ROOT}/.work/experiments/lgx-icu/deps/sodium-x86_64/include/.'
 /usr/bin/mkdir -p '${REPO_ROOT}/.work/experiments/lgx-icu/deps/sodium-x86_64/include'
 /usr/bin/mkdir -p '${REPO_ROOT}/.work/experiments/lgx-icu/deps/sodium-x86_64/include/sodium'
 /usr/bin/install -c -m 644  sodium/version.h '${REPO_ROOT}/.work/experiments/lgx-icu/deps/sodium-x86_64/include/sodium'
make[4]: Leaving directory '${REPO_ROOT}/.work/experiments/lgx-icu/deps/sodium-src-x86_64/src/libsodium/include'
make[3]: Leaving directory '${REPO_ROOT}/.work/experiments/lgx-icu/deps/sodium-src-x86_64/src/libsodium/include'
make[3]: Entering directory '${REPO_ROOT}/.work/experiments/lgx-icu/deps/sodium-src-x86_64/src/libsodium'
make[4]: Entering directory '${REPO_ROOT}/.work/experiments/lgx-icu/deps/sodium-src-x86_64/src/libsodium'
 /usr/bin/mkdir -p '${REPO_ROOT}/.work/experiments/lgx-icu/deps/sodium-x86_64/lib'
 /bin/sh ../../libtool   --mode=install /usr/bin/install -c   libsodium.la '${REPO_ROOT}/.work/experiments/lgx-icu/deps/sodium-x86_64/lib'
libtool: install: /usr/bin/install -c .libs/libsodium.lai ${REPO_ROOT}/.work/experiments/lgx-icu/deps/sodium-x86_64/lib/libsodium.la
libtool: install: /usr/bin/install -c .libs/libsodium.a ${REPO_ROOT}/.work/experiments/lgx-icu/deps/sodium-x86_64/lib/libsodium.a
libtool: install: chmod 644 ${REPO_ROOT}/.work/experiments/lgx-icu/deps/sodium-x86_64/lib/libsodium.a
libtool: install: ${HOME}/android-ndk/android-ndk-r27c/toolchains/llvm/prebuilt/linux-x86_64/bin/llvm-ranlib ${REPO_ROOT}/.work/experiments/lgx-icu/deps/sodium-x86_64/lib/libsodium.a
make[4]: Nothing to be done for 'install-data-am'.
make[4]: Leaving directory '${REPO_ROOT}/.work/experiments/lgx-icu/deps/sodium-src-x86_64/src/libsodium'
make[3]: Leaving directory '${REPO_ROOT}/.work/experiments/lgx-icu/deps/sodium-src-x86_64/src/libsodium'
make[2]: Leaving directory '${REPO_ROOT}/.work/experiments/lgx-icu/deps/sodium-src-x86_64/src/libsodium'
make[2]: Entering directory '${REPO_ROOT}/.work/experiments/lgx-icu/deps/sodium-src-x86_64/src'
make[3]: Entering directory '${REPO_ROOT}/.work/experiments/lgx-icu/deps/sodium-src-x86_64/src'
make[3]: Nothing to be done for 'install-exec-am'.
make[3]: Nothing to be done for 'install-data-am'.
make[3]: Leaving directory '${REPO_ROOT}/.work/experiments/lgx-icu/deps/sodium-src-x86_64/src'
make[2]: Leaving directory '${REPO_ROOT}/.work/experiments/lgx-icu/deps/sodium-src-x86_64/src'
make[1]: Leaving directory '${REPO_ROOT}/.work/experiments/lgx-icu/deps/sodium-src-x86_64/src'
Making install in test
make[1]: Entering directory '${REPO_ROOT}/.work/experiments/lgx-icu/deps/sodium-src-x86_64/test'
Making install in default
make[2]: Entering directory '${REPO_ROOT}/.work/experiments/lgx-icu/deps/sodium-src-x86_64/test/default'
make[3]: Entering directory '${REPO_ROOT}/.work/experiments/lgx-icu/deps/sodium-src-x86_64/test/default'
make[3]: Nothing to be done for 'install-exec-am'.
make[3]: Nothing to be done for 'install-data-am'.
make[3]: Leaving directory '${REPO_ROOT}/.work/experiments/lgx-icu/deps/sodium-src-x86_64/test/default'
make[2]: Leaving directory '${REPO_ROOT}/.work/experiments/lgx-icu/deps/sodium-src-x86_64/test/default'
make[2]: Entering directory '${REPO_ROOT}/.work/experiments/lgx-icu/deps/sodium-src-x86_64/test'
make[3]: Entering directory '${REPO_ROOT}/.work/experiments/lgx-icu/deps/sodium-src-x86_64/test'
make[3]: Nothing to be done for 'install-exec-am'.
make[3]: Nothing to be done for 'install-data-am'.
make[3]: Leaving directory '${REPO_ROOT}/.work/experiments/lgx-icu/deps/sodium-src-x86_64/test'
make[2]: Leaving directory '${REPO_ROOT}/.work/experiments/lgx-icu/deps/sodium-src-x86_64/test'
make[1]: Leaving directory '${REPO_ROOT}/.work/experiments/lgx-icu/deps/sodium-src-x86_64/test'
make[1]: Entering directory '${REPO_ROOT}/.work/experiments/lgx-icu/deps/sodium-src-x86_64'
make[2]: Entering directory '${REPO_ROOT}/.work/experiments/lgx-icu/deps/sodium-src-x86_64'
make[2]: Nothing to be done for 'install-exec-am'.
 /usr/bin/mkdir -p '${REPO_ROOT}/.work/experiments/lgx-icu/deps/sodium-x86_64/lib/pkgconfig'
 /usr/bin/install -c -m 644 libsodium.pc '${REPO_ROOT}/.work/experiments/lgx-icu/deps/sodium-x86_64/lib/pkgconfig'
make[2]: Leaving directory '${REPO_ROOT}/.work/experiments/lgx-icu/deps/sodium-src-x86_64'
make[1]: Leaving directory '${REPO_ROOT}/.work/experiments/lgx-icu/deps/sodium-src-x86_64'
