checking build system type... x86_64-pc-linux-gnu
checking host system type... x86_64-pc-linux-android
checking target system type... x86_64-pc-linux-android
checking for a BSD-compatible install... /usr/bin/install -c
checking whether build environment is sane... yes
checking for x86_64-linux-android-strip... ${HOME}/android-ndk/android-ndk-r27c/toolchains/llvm/prebuilt/linux-x86_64/bin/llvm-strip
checking for a race-free mkdir -p... /usr/bin/mkdir -p
checking for gawk... gawk
checking whether make sets $(MAKE)... yes
checking whether make supports nested variables... yes
checking whether UID '1000' is supported by ustar format... yes
checking whether GID '1000' is supported by ustar format... yes
checking how to create a ustar tar archive... gnutar
checking whether make supports nested variables... (cached) yes
checking whether to enable maintainer-specific portions of Makefiles... no
checking for x86_64-linux-android-gcc... ${HOME}/android-ndk/android-ndk-r27c/toolchains/llvm/prebuilt/linux-x86_64/bin/x86_64-linux-android34-clang
checking whether the C compiler works... yes
checking for C compiler default output file name... a.out
checking for suffix of executables... 
checking whether we are cross compiling... yes
checking for suffix of object files... o
checking whether the compiler supports GNU C... yes
checking whether ${HOME}/android-ndk/android-ndk-r27c/toolchains/llvm/prebuilt/linux-x86_64/bin/x86_64-linux-android34-clang accepts -g... yes
checking for ${HOME}/android-ndk/android-ndk-r27c/toolchains/llvm/prebuilt/linux-x86_64/bin/x86_64-linux-android34-clang option to enable C11 features... none needed
checking whether ${HOME}/android-ndk/android-ndk-r27c/toolchains/llvm/prebuilt/linux-x86_64/bin/x86_64-linux-android34-clang understands -c and -o together... yes
checking whether make supports the include directive... yes (GNU style)
checking dependency style of ${HOME}/android-ndk/android-ndk-r27c/toolchains/llvm/prebuilt/linux-x86_64/bin/x86_64-linux-android34-clang... gcc3
checking dependency style of ${HOME}/android-ndk/android-ndk-r27c/toolchains/llvm/prebuilt/linux-x86_64/bin/x86_64-linux-android34-clang... gcc3
checking for stdio.h... yes
checking for stdlib.h... yes
checking for string.h... yes
checking for inttypes.h... yes
checking for stdint.h... yes
checking for strings.h... yes
checking for sys/stat.h... yes
checking for sys/types.h... yes
checking for unistd.h... yes
checking for wchar.h... yes
checking for minix/config.h... no
checking whether it is safe to define __EXTENSIONS__... yes
checking whether _XOPEN_SOURCE should be defined... no
checking for a sed that does not truncate output... /usr/bin/sed
checking how to run the C preprocessor... ${HOME}/android-ndk/android-ndk-r27c/toolchains/llvm/prebuilt/linux-x86_64/bin/x86_64-linux-android34-clang -E
checking for egrep -e... /usr/bin/grep -E
checking whether ${HOME}/android-ndk/android-ndk-r27c/toolchains/llvm/prebuilt/linux-x86_64/bin/x86_64-linux-android34-clang is Clang... yes
checking whether pthreads work with "-pthread" and "-lpthread"... no
checking whether pthreads work with -pthread... yes
checking whether Clang needs flag to prevent "argument unused" warning when linking with -pthread... no
checking for joinable pthread attribute... PTHREAD_CREATE_JOINABLE
checking whether more special flags are required for pthreads... no
checking for PTHREAD_PRIO_INHERIT... yes
checking for variable-length arrays... yes
checking for __wasi__ defined... no
checking whether C compiler accepts -fvisibility=hidden... yes
checking whether C compiler accepts -fPIC... yes
checking whether C compiler accepts -fPIE... yes
checking whether the linker accepts -pie... yes
checking whether C compiler accepts -fno-strict-aliasing... yes
checking whether C compiler accepts -fno-strict-overflow... yes
checking whether C compiler accepts -fstack-protector... yes
checking whether the linker accepts -fstack-protector... yes
checking whether C compiler accepts -O2 -pthread -fvisibility=hidden -fPIC -fPIE -fno-strict-aliasing -fno-strict-overflow -fstack-protector -Wall... yes
checking whether C compiler accepts -O2 -pthread -fvisibility=hidden -fPIC -fPIE -fno-strict-aliasing -fno-strict-overflow -fstack-protector -Wno-deprecated-declarations... yes
checking whether C compiler accepts -O2 -pthread -fvisibility=hidden -fPIC -fPIE -fno-strict-aliasing -fno-strict-overflow -fstack-protector -Wno-deprecated-declarations -Wno-unknown-pragmas... yes
checking for clang... yes
checking whether C compiler accepts -O2 -pthread -fvisibility=hidden -fPIC -fPIE -fno-strict-aliasing -fno-strict-overflow -fstack-protector -Wall -Wno-unknown-warning-option... yes
checking whether C compiler accepts -O2 -pthread -fvisibility=hidden -fPIC -fPIE -fno-strict-aliasing -fno-strict-overflow -fstack-protector -Wall -Wno-unknown-warning-option -Wextra... yes
checking whether C compiler accepts  -Wextra -Warray-bounds... yes
checking whether C compiler accepts  -Wextra -Warray-bounds -Wbad-function-cast... yes
checking whether C compiler accepts  -Wextra -Warray-bounds -Wbad-function-cast -Wcast-qual... yes
checking whether C compiler accepts  -Wextra -Warray-bounds -Wbad-function-cast -Wcast-qual -Wdiv-by-zero... yes
checking whether C compiler accepts  -Wextra -Warray-bounds -Wbad-function-cast -Wcast-qual -Wdiv-by-zero -Wduplicated-branches... yes
checking whether C compiler accepts  -Wextra -Warray-bounds -Wbad-function-cast -Wcast-qual -Wdiv-by-zero -Wduplicated-branches -Wduplicated-cond... yes
checking whether C compiler accepts  -Wextra -Warray-bounds -Wbad-function-cast -Wcast-qual -Wdiv-by-zero -Wduplicated-branches -Wduplicated-cond -Wfloat-equal... yes
checking whether C compiler accepts  -Wextra -Warray-bounds -Wbad-function-cast -Wcast-qual -Wdiv-by-zero -Wduplicated-branches -Wduplicated-cond -Wfloat-equal -Wformat=2... yes
checking whether C compiler accepts  -Wextra -Warray-bounds -Wbad-function-cast -Wcast-qual -Wdiv-by-zero -Wduplicated-branches -Wduplicated-cond -Wfloat-equal -Wformat=2 -Wlogical-op... yes
checking whether C compiler accepts  -Wextra -Warray-bounds -Wbad-function-cast -Wcast-qual -Wdiv-by-zero -Wduplicated-branches -Wduplicated-cond -Wfloat-equal -Wformat=2 -Wlogical-op -Wmaybe-uninitialized... yes
checking whether C compiler accepts  -Wextra -Warray-bounds -Wbad-function-cast -Wcast-qual -Wdiv-by-zero -Wduplicated-branches -Wduplicated-cond -Wfloat-equal -Wformat=2 -Wlogical-op -Wmaybe-uninitialized -Wmisleading-indentation... yes
checking whether C compiler accepts  -Wextra -Warray-bounds -Wbad-function-cast -Wcast-qual -Wdiv-by-zero -Wduplicated-branches -Wduplicated-cond -Wfloat-equal -Wformat=2 -Wlogical-op -Wmaybe-uninitialized -Wmisleading-indentation -Wmissing-declarations... yes
checking whether C compiler accepts  -Wextra -Warray-bounds -Wbad-function-cast -Wcast-qual -Wdiv-by-zero -Wduplicated-branches -Wduplicated-cond -Wfloat-equal -Wformat=2 -Wlogical-op -Wmaybe-uninitialized -Wmisleading-indentation -Wmissing-declarations -Wmissing-prototypes... yes
checking whether C compiler accepts  -Wextra -Warray-bounds -Wbad-function-cast -Wcast-qual -Wdiv-by-zero -Wduplicated-branches -Wduplicated-cond -Wfloat-equal -Wformat=2 -Wlogical-op -Wmaybe-uninitialized -Wmisleading-indentation -Wmissing-declarations -Wmissing-prototypes -Wnested-externs... yes
checking whether C compiler accepts  -Wextra -Warray-bounds -Wbad-function-cast -Wcast-qual -Wdiv-by-zero -Wduplicated-branches -Wduplicated-cond -Wfloat-equal -Wformat=2 -Wlogical-op -Wmaybe-uninitialized -Wmisleading-indentation -Wmissing-declarations -Wmissing-prototypes -Wnested-externs -Wno-type-limits... yes
checking whether C compiler accepts  -Wextra -Warray-bounds -Wbad-function-cast -Wcast-qual -Wdiv-by-zero -Wduplicated-branches -Wduplicated-cond -Wfloat-equal -Wformat=2 -Wlogical-op -Wmaybe-uninitialized -Wmisleading-indentation -Wmissing-declarations -Wmissing-prototypes -Wnested-externs -Wno-type-limits -Wno-unknown-pragmas... yes
checking whether C compiler accepts  -Wextra -Warray-bounds -Wbad-function-cast -Wcast-qual -Wdiv-by-zero -Wduplicated-branches -Wduplicated-cond -Wfloat-equal -Wformat=2 -Wlogical-op -Wmaybe-uninitialized -Wmisleading-indentation -Wmissing-declarations -Wmissing-prototypes -Wnested-externs -Wno-type-limits -Wno-unknown-pragmas -Wnormalized=id... yes
checking whether C compiler accepts  -Wextra -Warray-bounds -Wbad-function-cast -Wcast-qual -Wdiv-by-zero -Wduplicated-branches -Wduplicated-cond -Wfloat-equal -Wformat=2 -Wlogical-op -Wmaybe-uninitialized -Wmisleading-indentation -Wmissing-declarations -Wmissing-prototypes -Wnested-externs -Wno-type-limits -Wno-unknown-pragmas -Wnormalized=id -Wnull-dereference... yes
checking whether C compiler accepts  -Wextra -Warray-bounds -Wbad-function-cast -Wcast-qual -Wdiv-by-zero -Wduplicated-branches -Wduplicated-cond -Wfloat-equal -Wformat=2 -Wlogical-op -Wmaybe-uninitialized -Wmisleading-indentation -Wmissing-declarations -Wmissing-prototypes -Wnested-externs -Wno-type-limits -Wno-unknown-pragmas -Wnormalized=id -Wnull-dereference -Wold-style-declaration... yes
checking whether C compiler accepts  -Wextra -Warray-bounds -Wbad-function-cast -Wcast-qual -Wdiv-by-zero -Wduplicated-branches -Wduplicated-cond -Wfloat-equal -Wformat=2 -Wlogical-op -Wmaybe-uninitialized -Wmisleading-indentation -Wmissing-declarations -Wmissing-prototypes -Wnested-externs -Wno-type-limits -Wno-unknown-pragmas -Wnormalized=id -Wnull-dereference -Wold-style-declaration -Wpointer-arith... yes
checking whether C compiler accepts  -Wextra -Warray-bounds -Wbad-function-cast -Wcast-qual -Wdiv-by-zero -Wduplicated-branches -Wduplicated-cond -Wfloat-equal -Wformat=2 -Wlogical-op -Wmaybe-uninitialized -Wmisleading-indentation -Wmissing-declarations -Wmissing-prototypes -Wnested-externs -Wno-type-limits -Wno-unknown-pragmas -Wnormalized=id -Wnull-dereference -Wold-style-declaration -Wpointer-arith -Wredundant-decls... yes
checking whether C compiler accepts  -Wextra -Warray-bounds -Wbad-function-cast -Wcast-qual -Wdiv-by-zero -Wduplicated-branches -Wduplicated-cond -Wfloat-equal -Wformat=2 -Wlogical-op -Wmaybe-uninitialized -Wmisleading-indentation -Wmissing-declarations -Wmissing-prototypes -Wnested-externs -Wno-type-limits -Wno-unknown-pragmas -Wnormalized=id -Wnull-dereference -Wold-style-declaration -Wpointer-arith -Wredundant-decls -Wrestrict... yes
checking whether C compiler accepts  -Wextra -Warray-bounds -Wbad-function-cast -Wcast-qual -Wdiv-by-zero -Wduplicated-branches -Wduplicated-cond -Wfloat-equal -Wformat=2 -Wlogical-op -Wmaybe-uninitialized -Wmisleading-indentation -Wmissing-declarations -Wmissing-prototypes -Wnested-externs -Wno-type-limits -Wno-unknown-pragmas -Wnormalized=id -Wnull-dereference -Wold-style-declaration -Wpointer-arith -Wredundant-decls -Wrestrict -Wshorten-64-to-32... yes
checking whether C compiler accepts  -Wextra -Warray-bounds -Wbad-function-cast -Wcast-qual -Wdiv-by-zero -Wduplicated-branches -Wduplicated-cond -Wfloat-equal -Wformat=2 -Wlogical-op -Wmaybe-uninitialized -Wmisleading-indentation -Wmissing-declarations -Wmissing-prototypes -Wnested-externs -Wno-type-limits -Wno-unknown-pragmas -Wnormalized=id -Wnull-dereference -Wold-style-declaration -Wpointer-arith -Wredundant-decls -Wrestrict -Wshorten-64-to-32 -Wsometimes-uninitialized... yes
checking whether C compiler accepts  -Wextra -Warray-bounds -Wbad-function-cast -Wcast-qual -Wdiv-by-zero -Wduplicated-branches -Wduplicated-cond -Wfloat-equal -Wformat=2 -Wlogical-op -Wmaybe-uninitialized -Wmisleading-indentation -Wmissing-declarations -Wmissing-prototypes -Wnested-externs -Wno-type-limits -Wno-unknown-pragmas -Wnormalized=id -Wnull-dereference -Wold-style-declaration -Wpointer-arith -Wredundant-decls -Wrestrict -Wshorten-64-to-32 -Wsometimes-uninitialized -Wstrict-prototypes... yes
checking whether C compiler accepts  -Wextra -Warray-bounds -Wbad-function-cast -Wcast-qual -Wdiv-by-zero -Wduplicated-branches -Wduplicated-cond -Wfloat-equal -Wformat=2 -Wlogical-op -Wmaybe-uninitialized -Wmisleading-indentation -Wmissing-declarations -Wmissing-prototypes -Wnested-externs -Wno-type-limits -Wno-unknown-pragmas -Wnormalized=id -Wnull-dereference -Wold-style-declaration -Wpointer-arith -Wredundant-decls -Wrestrict -Wshorten-64-to-32 -Wsometimes-uninitialized -Wstrict-prototypes -Wswitch-enum... yes
checking whether C compiler accepts  -Wextra -Warray-bounds -Wbad-function-cast -Wcast-qual -Wdiv-by-zero -Wduplicated-branches -Wduplicated-cond -Wfloat-equal -Wformat=2 -Wlogical-op -Wmaybe-uninitialized -Wmisleading-indentation -Wmissing-declarations -Wmissing-prototypes -Wnested-externs -Wno-type-limits -Wno-unknown-pragmas -Wnormalized=id -Wnull-dereference -Wold-style-declaration -Wpointer-arith -Wredundant-decls -Wrestrict -Wshorten-64-to-32 -Wsometimes-uninitialized -Wstrict-prototypes -Wswitch-enum -Wvariable-decl... yes
checking whether C compiler accepts  -Wextra -Warray-bounds -Wbad-function-cast -Wcast-qual -Wdiv-by-zero -Wduplicated-branches -Wduplicated-cond -Wfloat-equal -Wformat=2 -Wlogical-op -Wmaybe-uninitialized -Wmisleading-indentation -Wmissing-declarations -Wmissing-prototypes -Wnested-externs -Wno-type-limits -Wno-unknown-pragmas -Wnormalized=id -Wnull-dereference -Wold-style-declaration -Wpointer-arith -Wredundant-decls -Wrestrict -Wshorten-64-to-32 -Wsometimes-uninitialized -Wstrict-prototypes -Wswitch-enum -Wvariable-decl -Wwrite-strings... yes
checking whether the linker accepts -Wl,-z,relro... yes
checking whether the linker accepts -Wl,-z,now... yes
checking whether the linker accepts -Wl,-z,noexecstack... yes
checking whether segmentation violations can be caught... unknown
configure: WARNING: On this platform, segmentation violations cannot be caught using signal handlers. This is expected if you enabled a tool such as Address Sanitizer (-fsanitize=address), but be aware that using Address Sanitizer may also significantly reduce performance.
checking whether SIGABRT can be caught... unknown
configure: WARNING: On this platform, SIGABRT cannot be caught using signal handlers.
checking for thread local storage (TLS) class... _Thread_local
thread local storage is supported
checking whether C compiler accepts -ftls-model=local-dynamic... yes
checking how to print strings... printf
checking for a sed that does not truncate output... (cached) /usr/bin/sed
checking for grep that handles long lines and -e... /usr/bin/grep
checking for egrep... /usr/bin/grep -E
checking for fgrep... /usr/bin/grep -F
checking for ld used by ${HOME}/android-ndk/android-ndk-r27c/toolchains/llvm/prebuilt/linux-x86_64/bin/x86_64-linux-android34-clang... ${HOME}/android-ndk/android-ndk-r27c/toolchains/llvm/prebuilt/linux-x86_64/bin/ld
checking if the linker (${HOME}/android-ndk/android-ndk-r27c/toolchains/llvm/prebuilt/linux-x86_64/bin/ld) is GNU ld... yes
checking for BSD- or MS-compatible name lister (nm)... no
checking for x86_64-linux-android-dumpbin... no
checking for x86_64-linux-android-link... no
checking for dumpbin... no
checking for link... link -dump
configure: WARNING: using cross tools not prefixed with host triplet
checking the name lister (nm) interface... BSD nm
checking whether ln -s works... yes
checking the maximum length of command line arguments... 1572864
checking how to convert x86_64-pc-linux-gnu file names to x86_64-pc-linux-android format... func_convert_file_noop
checking how to convert x86_64-pc-linux-gnu file names to toolchain format... func_convert_file_noop
checking for ${HOME}/android-ndk/android-ndk-r27c/toolchains/llvm/prebuilt/linux-x86_64/bin/ld option to reload object files... -r
checking for x86_64-linux-android-file... no
checking for file... file
checking for x86_64-linux-android-objdump... no
checking for objdump... objdump
checking how to recognize dependent libraries... pass_all
checking for x86_64-linux-android-dlltool... no
checking for dlltool... no
checking how to associate runtime and link libraries... printf %s\n
checking for x86_64-linux-android-ar... ${HOME}/android-ndk/android-ndk-r27c/toolchains/llvm/prebuilt/linux-x86_64/bin/llvm-ar
checking for archiver @FILE support... @
checking for x86_64-linux-android-strip... (cached) ${HOME}/android-ndk/android-ndk-r27c/toolchains/llvm/prebuilt/linux-x86_64/bin/llvm-strip
checking for x86_64-linux-android-ranlib... ${HOME}/android-ndk/android-ndk-r27c/toolchains/llvm/prebuilt/linux-x86_64/bin/llvm-ranlib
checking command to parse nm output from ${HOME}/android-ndk/android-ndk-r27c/toolchains/llvm/prebuilt/linux-x86_64/bin/x86_64-linux-android34-clang object... ok
checking for sysroot... no
checking for a working dd... /usr/bin/dd
checking how to truncate binary pipes... /usr/bin/dd bs=4096 count=1
checking for x86_64-linux-android-mt... no
checking for mt... no
checking if : is a manifest tool... no
checking for dlfcn.h... yes
checking for objdir... .libs
checking if ${HOME}/android-ndk/android-ndk-r27c/toolchains/llvm/prebuilt/linux-x86_64/bin/x86_64-linux-android34-clang supports -fno-rtti -fno-exceptions... yes
checking for ${HOME}/android-ndk/android-ndk-r27c/toolchains/llvm/prebuilt/linux-x86_64/bin/x86_64-linux-android34-clang option to produce PIC... -fPIC -DPIC
checking if ${HOME}/android-ndk/android-ndk-r27c/toolchains/llvm/prebuilt/linux-x86_64/bin/x86_64-linux-android34-clang PIC flag -fPIC -DPIC works... yes
checking if ${HOME}/android-ndk/android-ndk-r27c/toolchains/llvm/prebuilt/linux-x86_64/bin/x86_64-linux-android34-clang static flag -static works... no
checking if ${HOME}/android-ndk/android-ndk-r27c/toolchains/llvm/prebuilt/linux-x86_64/bin/x86_64-linux-android34-clang supports -c -o file.o... yes
checking if ${HOME}/android-ndk/android-ndk-r27c/toolchains/llvm/prebuilt/linux-x86_64/bin/x86_64-linux-android34-clang supports -c -o file.o... (cached) yes
checking whether the ${HOME}/android-ndk/android-ndk-r27c/toolchains/llvm/prebuilt/linux-x86_64/bin/x86_64-linux-android34-clang linker (${HOME}/android-ndk/android-ndk-r27c/toolchains/llvm/prebuilt/linux-x86_64/bin/ld -m elf_x86_64) supports shared libraries... yes
checking dynamic linker characteristics... Android linker
checking how to hardcode library paths into programs... immediate
checking whether stripping libraries is possible... yes
checking if libtool supports shared libraries... yes
checking whether to build shared libraries... no
checking whether to build static libraries... yes
checking for x86_64-linux-android-ar... (cached) ${HOME}/android-ndk/android-ndk-r27c/toolchains/llvm/prebuilt/linux-x86_64/bin/llvm-ar
checking for ARM64 target... no
checking whether C compiler accepts -mmmx... yes
checking for MMX instructions set... yes
checking whether C compiler accepts -mmmx... (cached) yes
checking whether C compiler accepts -msse2... yes
checking for SSE2 instructions set... yes
checking whether C compiler accepts -msse2... (cached) yes
checking whether C compiler accepts -msse3... yes
checking for SSE3 instructions set... yes
checking whether C compiler accepts -msse3... (cached) yes
checking whether C compiler accepts -mssse3... yes
checking for SSSE3 instructions set... yes
checking whether C compiler accepts -mssse3... (cached) yes
checking whether C compiler accepts -msse4.1... yes
checking for SSE4.1 instructions set... yes
checking whether C compiler accepts -msse4.1... (cached) yes
checking whether C compiler accepts -mavx... yes
checking for AVX instructions set... yes
checking whether C compiler accepts -mavx... (cached) yes
checking whether C compiler accepts -mavx2... yes
checking for AVX2 instructions set... yes
checking whether C compiler accepts -mavx2... (cached) yes
checking if _mm256_broadcastsi128_si256 is correctly defined... yes
checking whether C compiler accepts -mavx512f... yes
checking for AVX512F instructions set... yes
checking whether C compiler accepts -mavx512f... (cached) yes
checking whether C compiler accepts -maes... yes
checking whether C compiler accepts -mpclmul... yes
checking for AESNI instructions set and PCLMULQDQ... yes
checking whether C compiler accepts -maes... (cached) yes
checking whether C compiler accepts -mpclmul... (cached) yes
checking whether C compiler accepts -mrdrnd... yes
checking for RDRAND... yes
checking whether C compiler accepts -mrdrnd... (cached) yes
checking for sys/mman.h... yes
checking for sys/param.h... yes
checking for sys/random.h... yes
checking for intrin.h... no
checking for sys/auxv.h... yes
checking for CommonCrypto/CommonRandom.h... no
checking for cet.h... yes
checking if _xgetbv() is available... no
checking for inline... inline
checking whether byte ordering is bigendian... (cached) no
checking whether __STDC_LIMIT_MACROS is required... no
checking whether we can use inline asm code... yes
no
checking whether we can use x86_64 asm code... yes
checking whether we can assemble AVX opcodes... yes
checking for 128-bit arithmetic... yes
checking for cpuid instruction... yes
checking if the .private_extern asm directive is supported... no
checking if the .hidden asm directive is supported... yes
checking if weak symbols are supported... yes
checking if atomic operations are supported... yes
checking if C11 memory fences are supported... yes
checking if gcc memory fences are supported... yes
checking for size_t... yes
checking for working alloca.h... yes
checking for alloca... yes
checking for arc4random... yes
checking for arc4random_buf... yes
checking for mmap... yes
checking for mlock... yes
checking for madvise... yes
checking for mprotect... yes
checking for raise... yes
checking for sysconf... yes
checking for getrandom with a standard API... yes
checking for getrandom... yes
checking for getentropy with a standard API... yes
checking for getentropy... yes
checking for getpid... yes
checking for getauxval... yes
checking for elf_aux_info... no
checking for posix_memalign... yes
checking for nanosleep... yes
checking for clock_gettime... yes
checking for memset_s... no
checking for explicit_bzero... no
checking for memset_explicit... yes
checking for explicit_memset... no
checking if gcc/ld supports -Wl,--output-def... not needed, shared libraries are disabled
checking that generated files are newer than configure... done
configure: creating ./config.status
config.status: creating Makefile
config.status: creating builds/Makefile
config.status: creating contrib/Makefile
config.status: creating dist-build/Makefile
config.status: creating libsodium.pc
config.status: creating libsodium-uninstalled.pc
config.status: creating src/Makefile
config.status: creating src/libsodium/Makefile
config.status: creating src/libsodium/include/Makefile
config.status: creating src/libsodium/include/sodium/version.h
config.status: creating test/default/Makefile
config.status: creating test/Makefile
config.status: executing depfiles commands
config.status: executing libtool commands
