Making all in builds
make[1]: Entering directory '${REPO_ROOT}/.work/experiments/lgx-icu/deps/sodium-src-x86_64/builds'
make[1]: Nothing to be done for 'all'.
make[1]: Leaving directory '${REPO_ROOT}/.work/experiments/lgx-icu/deps/sodium-src-x86_64/builds'
Making all in contrib
make[1]: Entering directory '${REPO_ROOT}/.work/experiments/lgx-icu/deps/sodium-src-x86_64/contrib'
make[1]: Nothing to be done for 'all'.
make[1]: Leaving directory '${REPO_ROOT}/.work/experiments/lgx-icu/deps/sodium-src-x86_64/contrib'
Making all in dist-build
make[1]: Entering directory '${REPO_ROOT}/.work/experiments/lgx-icu/deps/sodium-src-x86_64/dist-build'
make[1]: Nothing to be done for 'all'.
make[1]: Leaving directory '${REPO_ROOT}/.work/experiments/lgx-icu/deps/sodium-src-x86_64/dist-build'
Making all in src
make[1]: Entering directory '${REPO_ROOT}/.work/experiments/lgx-icu/deps/sodium-src-x86_64/src'
Making all in libsodium
make[2]: Entering directory '${REPO_ROOT}/.work/experiments/lgx-icu/deps/sodium-src-x86_64/src/libsodium'
Making all in include
make[3]: Entering directory '${REPO_ROOT}/.work/experiments/lgx-icu/deps/sodium-src-x86_64/src/libsodium/include'
make[3]: Nothing to be done for 'all'.
make[3]: Leaving directory '${REPO_ROOT}/.work/experiments/lgx-icu/deps/sodium-src-x86_64/src/libsodium/include'
make[3]: Entering directory '${REPO_ROOT}/.work/experiments/lgx-icu/deps/sodium-src-x86_64/src/libsodium'
  CC       crypto_shorthash/siphash24/libsodium_la-shorthash_siphashx24.lo
  CC       crypto_shorthash/siphash24/ref/libsodium_la-shorthash_siphashx24_ref.lo
  CC       crypto_sign/ed25519/ref10/libsodium_la-obsolete.lo
  CC       crypto_aead/aegis128l/libaesni_la-aegis128l_aesni.lo
  CC       crypto_aead/aegis256/libaesni_la-aegis256_aesni.lo
  CC       crypto_aead/aegis128l/libarmcrypto_la-aegis128l_armcrypto.lo
  CC       crypto_aead/aegis256/libarmcrypto_la-aegis256_armcrypto.lo
  CC       crypto_generichash/blake2b/ref/libssse3_la-blake2b-compress-ssse3.lo
  CC       crypto_pwhash/argon2/libssse3_la-argon2-fill-block-ssse3.lo
  CC       crypto_generichash/blake2b/ref/libsse41_la-blake2b-compress-sse41.lo
  CC       crypto_generichash/blake2b/ref/libavx2_la-blake2b-compress-avx2.lo
  CC       crypto_pwhash/argon2/libavx2_la-argon2-fill-block-avx2.lo
  CC       crypto_pwhash/argon2/libavx512f_la-argon2-fill-block-avx512f.lo
  CC       crypto_aead/aegis128l/libsodium_la-aead_aegis128l.lo
  CC       crypto_aead/aegis128l/libsodium_la-aegis128l_soft.lo
  CC       crypto_aead/aegis256/libsodium_la-aead_aegis256.lo
  CC       crypto_aead/aegis256/libsodium_la-aegis256_soft.lo
  CC       crypto_aead/aes256gcm/libsodium_la-aead_aes256gcm.lo
  CC       crypto_aead/chacha20poly1305/libsodium_la-aead_chacha20poly1305.lo
  CC       crypto_aead/xchacha20poly1305/libsodium_la-aead_xchacha20poly1305.lo
  CC       crypto_auth/libsodium_la-crypto_auth.lo
  CC       crypto_auth/hmacsha256/libsodium_la-auth_hmacsha256.lo
  CC       crypto_auth/hmacsha512/libsodium_la-auth_hmacsha512.lo
  CC       crypto_auth/hmacsha512256/libsodium_la-auth_hmacsha512256.lo
  CC       crypto_box/libsodium_la-crypto_box.lo
  CC       crypto_box/libsodium_la-crypto_box_easy.lo
  CC       crypto_box/libsodium_la-crypto_box_seal.lo
  CC       crypto_box/curve25519xsalsa20poly1305/libsodium_la-box_curve25519xsalsa20poly1305.lo
  CC       crypto_core/ed25519/ref10/libsodium_la-ed25519_ref10.lo
  CC       crypto_core/hsalsa20/ref2/libsodium_la-core_hsalsa20_ref2.lo
  CC       crypto_core/hchacha20/libsodium_la-core_hchacha20.lo
  CC       crypto_core/hsalsa20/libsodium_la-core_hsalsa20.lo
  CC       crypto_core/salsa/ref/libsodium_la-core_salsa_ref.lo
  CC       crypto_core/softaes/libsodium_la-softaes.lo
  CC       crypto_generichash/libsodium_la-crypto_generichash.lo
  CC       crypto_generichash/blake2b/libsodium_la-generichash_blake2.lo
  CC       crypto_generichash/blake2b/ref/libsodium_la-blake2b-compress-ref.lo
  CC       crypto_generichash/blake2b/ref/libsodium_la-blake2b-ref.lo
  CC       crypto_generichash/blake2b/ref/libsodium_la-generichash_blake2b.lo
  CC       crypto_hash/libsodium_la-crypto_hash.lo
  CC       crypto_hash/sha256/libsodium_la-hash_sha256.lo
  CC       crypto_hash/sha256/cp/libsodium_la-hash_sha256_cp.lo
  CC       crypto_hash/sha512/libsodium_la-hash_sha512.lo
  CC       crypto_hash/sha512/cp/libsodium_la-hash_sha512_cp.lo
  CC       crypto_kdf/blake2b/libsodium_la-kdf_blake2b.lo
  CC       crypto_kdf/libsodium_la-crypto_kdf.lo
  CC       crypto_kdf/hkdf/libsodium_la-kdf_hkdf_sha256.lo
  CC       crypto_kdf/hkdf/libsodium_la-kdf_hkdf_sha512.lo
  CC       crypto_kx/libsodium_la-crypto_kx.lo
  CC       crypto_onetimeauth/libsodium_la-crypto_onetimeauth.lo
  CC       crypto_onetimeauth/poly1305/libsodium_la-onetimeauth_poly1305.lo
  CC       crypto_onetimeauth/poly1305/donna/libsodium_la-poly1305_donna.lo
  CC       crypto_pwhash/argon2/libsodium_la-argon2-core.lo
  CC       crypto_pwhash/argon2/libsodium_la-argon2-encoding.lo
  CC       crypto_pwhash/argon2/libsodium_la-argon2-fill-block-ref.lo
  CC       crypto_pwhash/argon2/libsodium_la-argon2.lo
  CC       crypto_pwhash/argon2/libsodium_la-blake2b-long.lo
  CC       crypto_pwhash/argon2/libsodium_la-pwhash_argon2i.lo
  CC       crypto_pwhash/argon2/libsodium_la-pwhash_argon2id.lo
  CC       crypto_pwhash/libsodium_la-crypto_pwhash.lo
  CC       crypto_scalarmult/libsodium_la-crypto_scalarmult.lo
  CC       crypto_scalarmult/curve25519/ref10/libsodium_la-x25519_ref10.lo
  CC       crypto_scalarmult/curve25519/libsodium_la-scalarmult_curve25519.lo
  CC       crypto_secretbox/libsodium_la-crypto_secretbox.lo
  CC       crypto_secretbox/libsodium_la-crypto_secretbox_easy.lo
  CC       crypto_secretbox/xsalsa20poly1305/libsodium_la-secretbox_xsalsa20poly1305.lo
  CC       crypto_secretstream/xchacha20poly1305/libsodium_la-secretstream_xchacha20poly1305.lo
  CC       crypto_shorthash/libsodium_la-crypto_shorthash.lo
  CC       crypto_shorthash/siphash24/libsodium_la-shorthash_siphash24.lo
  CC       crypto_shorthash/siphash24/ref/libsodium_la-shorthash_siphash24_ref.lo
  CC       crypto_sign/libsodium_la-crypto_sign.lo
  CC       crypto_sign/ed25519/libsodium_la-sign_ed25519.lo
  CC       crypto_sign/ed25519/ref10/libsodium_la-keypair.lo
  CC       crypto_sign/ed25519/ref10/libsodium_la-open.lo
  CC       crypto_sign/ed25519/ref10/libsodium_la-sign.lo
  CC       crypto_stream/chacha20/libsodium_la-stream_chacha20.lo
  CC       crypto_stream/chacha20/ref/libsodium_la-chacha20_ref.lo
  CC       crypto_stream/libsodium_la-crypto_stream.lo
  CC       crypto_stream/salsa20/libsodium_la-stream_salsa20.lo
  CC       crypto_stream/xsalsa20/libsodium_la-stream_xsalsa20.lo
  CC       crypto_verify/libsodium_la-verify.lo
  CC       randombytes/libsodium_la-randombytes.lo
  CC       sodium/libsodium_la-codecs.lo
  CC       sodium/libsodium_la-core.lo
  CC       sodium/libsodium_la-runtime.lo
  CC       sodium/libsodium_la-utils.lo
  CC       sodium/libsodium_la-version.lo
  CPPAS    crypto_stream/salsa20/xmm6/libsodium_la-salsa20_xmm6-asm.lo
  CC       crypto_stream/salsa20/xmm6/libsodium_la-salsa20_xmm6.lo
  CC       crypto_scalarmult/curve25519/sandy2x/libsodium_la-curve25519_sandy2x.lo
  CC       crypto_scalarmult/curve25519/sandy2x/libsodium_la-fe51_invert.lo
  CC       crypto_scalarmult/curve25519/sandy2x/libsodium_la-fe_frombytes_sandy2x.lo
  CPPAS    crypto_scalarmult/curve25519/sandy2x/libsodium_la-sandy2x.lo
  CC       crypto_box/curve25519xchacha20poly1305/libsodium_la-box_curve25519xchacha20poly1305.lo
  CC       crypto_box/curve25519xchacha20poly1305/libsodium_la-box_seal_curve25519xchacha20poly1305.lo
  CC       crypto_core/ed25519/libsodium_la-core_ed25519.lo
  CC       crypto_core/ed25519/libsodium_la-core_ristretto255.lo
  CC       crypto_pwhash/scryptsalsa208sha256/libsodium_la-crypto_scrypt-common.lo
  CC       crypto_pwhash/scryptsalsa208sha256/libsodium_la-scrypt_platform.lo
  CC       crypto_pwhash/scryptsalsa208sha256/libsodium_la-pbkdf2-sha256.lo
  CC       crypto_pwhash/scryptsalsa208sha256/libsodium_la-pwhash_scryptsalsa208sha256.lo
  CC       crypto_pwhash/scryptsalsa208sha256/nosse/libsodium_la-pwhash_scryptsalsa208sha256_nosse.lo
  CC       crypto_scalarmult/ed25519/ref10/libsodium_la-scalarmult_ed25519_ref10.lo
  CC       crypto_scalarmult/ristretto255/ref10/libsodium_la-scalarmult_ristretto255_ref10.lo
  CC       crypto_secretbox/xchacha20poly1305/libsodium_la-secretbox_xchacha20poly1305.lo
  CC       crypto_stream/salsa2012/ref/libsodium_la-stream_salsa2012_ref.lo
  CC       crypto_stream/salsa2012/libsodium_la-stream_salsa2012.lo
  CC       crypto_stream/salsa208/ref/libsodium_la-stream_salsa208_ref.lo
  CC       crypto_stream/salsa208/libsodium_la-stream_salsa208.lo
  CC       crypto_stream/xchacha20/libsodium_la-stream_xchacha20.lo
  CC       randombytes/sysrandom/libsodium_la-randombytes_sysrandom.lo
  CC       crypto_aead/aes256gcm/aesni/libaesni_la-aead_aes256gcm_aesni.lo
  CC       crypto_aead/aes256gcm/armcrypto/libarmcrypto_la-aead_aes256gcm_armcrypto.lo
  CC       crypto_onetimeauth/poly1305/sse2/libsse2_la-poly1305_sse2.lo
  CC       crypto_pwhash/scryptsalsa208sha256/sse/libsse2_la-pwhash_scryptsalsa208sha256_sse.lo
  CC       crypto_stream/chacha20/dolbeau/libssse3_la-chacha20_dolbeau-ssse3.lo
  CCLD     libsse41.la
  CC       crypto_stream/chacha20/dolbeau/libavx2_la-chacha20_dolbeau-avx2.lo
  CC       crypto_stream/salsa20/xmm6int/libavx2_la-salsa20_xmm6int-avx2.lo
  CCLD     libavx512f.la
  CC       randombytes/internal/librdrand_la-randombytes_internal_random.lo
libtool: warning: '-version-info/-version-number' is ignored for convenience libraries
  CCLD     libarmcrypto.la
libtool: warning: '-version-info/-version-number' is ignored for convenience libraries
libtool: warning: '-version-info/-version-number' is ignored for convenience libraries
  CCLD     libssse3.la
  CCLD     libsse2.la
libtool: warning: '-version-info/-version-number' is ignored for convenience libraries
  CCLD     librdrand.la
  CCLD     libaesni.la
libtool: warning: '-version-info/-version-number' is ignored for convenience libraries
libtool: warning: '-version-info/-version-number' is ignored for convenience libraries
libtool: warning: '-version-info/-version-number' is ignored for convenience libraries
  CCLD     libavx2.la
libtool: warning: '-version-info/-version-number' is ignored for convenience libraries
  CCLD     libsodium.la
make[3]: Leaving directory '${REPO_ROOT}/.work/experiments/lgx-icu/deps/sodium-src-x86_64/src/libsodium'
make[2]: Leaving directory '${REPO_ROOT}/.work/experiments/lgx-icu/deps/sodium-src-x86_64/src/libsodium'
make[2]: Entering directory '${REPO_ROOT}/.work/experiments/lgx-icu/deps/sodium-src-x86_64/src'
make[2]: Nothing to be done for 'all-am'.
make[2]: Leaving directory '${REPO_ROOT}/.work/experiments/lgx-icu/deps/sodium-src-x86_64/src'
make[1]: Leaving directory '${REPO_ROOT}/.work/experiments/lgx-icu/deps/sodium-src-x86_64/src'
Making all in test
make[1]: Entering directory '${REPO_ROOT}/.work/experiments/lgx-icu/deps/sodium-src-x86_64/test'
Making all in default
make[2]: Entering directory '${REPO_ROOT}/.work/experiments/lgx-icu/deps/sodium-src-x86_64/test/default'
make[2]: Nothing to be done for 'all'.
make[2]: Leaving directory '${REPO_ROOT}/.work/experiments/lgx-icu/deps/sodium-src-x86_64/test/default'
make[2]: Entering directory '${REPO_ROOT}/.work/experiments/lgx-icu/deps/sodium-src-x86_64/test'
make[2]: Nothing to be done for 'all-am'.
make[2]: Leaving directory '${REPO_ROOT}/.work/experiments/lgx-icu/deps/sodium-src-x86_64/test'
make[1]: Leaving directory '${REPO_ROOT}/.work/experiments/lgx-icu/deps/sodium-src-x86_64/test'
make[1]: Entering directory '${REPO_ROOT}/.work/experiments/lgx-icu/deps/sodium-src-x86_64'
make[1]: Nothing to be done for 'all-am'.
make[1]: Leaving directory '${REPO_ROOT}/.work/experiments/lgx-icu/deps/sodium-src-x86_64'
