2026-09-25T17:33:55+10:00
=================== logos-container configure
CMD: cmake -S ${REPO_ROOT}/.work/experiments/ndk-runtime/src/logos-container -B ${REPO_ROOT}/.work/experiments/ndk-runtime/build/logos-container-x86_64 -G Ninja -DCMAKE_MAKE_PROGRAM=/nix/store/7bgiqc706pzzb1gmwgpzdfg491w4a8nx-ninja-1.13.1/bin/ninja -DCMAKE_TOOLCHAIN_FILE=${HOME}/android-ndk/android-ndk-r27c/build/cmake/android.toolchain.cmake -DANDROID_ABI=x86_64 -DANDROID_PLATFORM=android-34 -DANDROID_STL=c++_shared -DANDROID_SUPPORT_FLEXIBLE_PAGE_SIZES=ON -DCMAKE_SHARED_LINKER_FLAGS=-Wl,-z,max-page-size=16384 -DCMAKE_EXE_LINKER_FLAGS=-Wl,-z,max-page-size=16384 -DCMAKE_BUILD_TYPE=Release -DCMAKE_INSTALL_PREFIX=${REPO_ROOT}/.work/experiments/ndk-runtime/prefix/x86_64 -DCMAKE_FIND_ROOT_PATH=${REPO_ROOT}/.work/experiments/ndk-runtime/prefix/x86_64 -DCMAKE_PREFIX_PATH=${REPO_ROOT}/.work/experiments/ndk-runtime/prefix/x86_64 -DCMAKE_FIND_ROOT_PATH_MODE_PACKAGE=BOTH -DBoost_USE_STATIC_LIBS=ON -DLOGOS_CONTAINER_BUILD_TESTS=OFF
CMake Deprecation Warning at ${HOME}/android-ndk/android-ndk-r27c/build/cmake/android.toolchain.cmake:35 (cmake_minimum_required):
  Compatibility with CMake < 3.10 will be removed from a future version of
  CMake.

  Update the VERSION argument <min> value.  Or, use the <min>...<max> syntax
  to tell CMake that the project requires at least <min> but has been updated
  to work with policies introduced by <max> or earlier.
Call Stack (most recent call first):
  /usr/share/cmake/Modules/CMakeDetermineSystem.cmake:146 (include)
  CMakeLists.txt:2 (project)


CMake Deprecation Warning at ${HOME}/android-ndk/android-ndk-r27c/build/cmake/android-legacy.toolchain.cmake:35 (cmake_minimum_required):
  Compatibility with CMake < 3.10 will be removed from a future version of
  CMake.

  Update the VERSION argument <min> value.  Or, use the <min>...<max> syntax
  to tell CMake that the project requires at least <min> but has been updated
  to work with policies introduced by <max> or earlier.
Call Stack (most recent call first):
  ${HOME}/android-ndk/android-ndk-r27c/build/cmake/android.toolchain.cmake:55 (include)
  /usr/share/cmake/Modules/CMakeDetermineSystem.cmake:146 (include)
  CMakeLists.txt:2 (project)


CMake Deprecation Warning at ${HOME}/android-ndk/android-ndk-r27c/build/cmake/android.toolchain.cmake:35 (cmake_minimum_required):
  Compatibility with CMake < 3.10 will be removed from a future version of
  CMake.

  Update the VERSION argument <min> value.  Or, use the <min>...<max> syntax
  to tell CMake that the project requires at least <min> but has been updated
  to work with policies introduced by <max> or earlier.
Call Stack (most recent call first):
  ${REPO_ROOT}/.work/experiments/ndk-runtime/build/logos-container-x86_64/CMakeFiles/3.31.11/CMakeSystem.cmake:6 (include)
  CMakeLists.txt:2 (project)


-- The CXX compiler identification is Clang 18.0.3
CMake Deprecation Warning at ${HOME}/android-ndk/android-ndk-r27c/build/cmake/flags.cmake:18 (cmake_minimum_required):
  Compatibility with CMake < 3.10 will be removed from a future version of
  CMake.

  Update the VERSION argument <min> value.  Or, use the <min>...<max> syntax
  to tell CMake that the project requires at least <min> but has been updated
  to work with policies introduced by <max> or earlier.
Call Stack (most recent call first):
  /usr/share/cmake/Modules/Platform/Android-Clang.cmake:23 (include)
  /usr/share/cmake/Modules/Platform/Android-Clang-CXX.cmake:1 (include)
  /usr/share/cmake/Modules/CMakeCXXInformation.cmake:48 (include)
  CMakeLists.txt:2 (project)


-- Detecting CXX compiler ABI info
CMake Deprecation Warning at ${HOME}/android-ndk/android-ndk-r27c/build/cmake/android.toolchain.cmake:35 (cmake_minimum_required):
  Compatibility with CMake < 3.10 will be removed from a future version of
  CMake.

  Update the VERSION argument <min> value.  Or, use the <min>...<max> syntax
  to tell CMake that the project requires at least <min> but has been updated
  to work with policies introduced by <max> or earlier.
Call Stack (most recent call first):
  ${REPO_ROOT}/.work/experiments/ndk-runtime/build/logos-container-x86_64/CMakeFiles/3.31.11/CMakeSystem.cmake:6 (include)
  ${REPO_ROOT}/.work/experiments/ndk-runtime/build/logos-container-x86_64/CMakeFiles/CMakeScratch/TryCompile-EA8Ved/CMakeLists.txt:4 (project)


CMake Deprecation Warning at ${HOME}/android-ndk/android-ndk-r27c/build/cmake/android-legacy.toolchain.cmake:35 (cmake_minimum_required):
  Compatibility with CMake < 3.10 will be removed from a future version of
  CMake.

  Update the VERSION argument <min> value.  Or, use the <min>...<max> syntax
  to tell CMake that the project requires at least <min> but has been updated
  to work with policies introduced by <max> or earlier.
Call Stack (most recent call first):
  ${HOME}/android-ndk/android-ndk-r27c/build/cmake/android.toolchain.cmake:55 (include)
  ${REPO_ROOT}/.work/experiments/ndk-runtime/build/logos-container-x86_64/CMakeFiles/3.31.11/CMakeSystem.cmake:6 (include)
  ${REPO_ROOT}/.work/experiments/ndk-runtime/build/logos-container-x86_64/CMakeFiles/CMakeScratch/TryCompile-EA8Ved/CMakeLists.txt:4 (project)


CMake Deprecation Warning at ${HOME}/android-ndk/android-ndk-r27c/build/cmake/flags.cmake:18 (cmake_minimum_required):
  Compatibility with CMake < 3.10 will be removed from a future version of
  CMake.

  Update the VERSION argument <min> value.  Or, use the <min>...<max> syntax
  to tell CMake that the project requires at least <min> but has been updated
  to work with policies introduced by <max> or earlier.
Call Stack (most recent call first):
  /usr/share/cmake/Modules/Platform/Android-Clang.cmake:23 (include)
  /usr/share/cmake/Modules/Platform/Android-Clang-CXX.cmake:1 (include)
  /usr/share/cmake/Modules/CMakeCXXInformation.cmake:48 (include)
  ${REPO_ROOT}/.work/experiments/ndk-runtime/build/logos-container-x86_64/CMakeFiles/CMakeScratch/TryCompile-EA8Ved/CMakeLists.txt:4 (project)


-- Detecting CXX compiler ABI info - done
-- Check for working CXX compiler: ${HOME}/android-ndk/android-ndk-r27c/toolchains/llvm/prebuilt/linux-x86_64/bin/clang++ - skipped
-- Detecting CXX compile features
-- Detecting CXX compile features - done
-- Found nlohmann_json: ${REPO_ROOT}/.work/experiments/ndk-runtime/prefix/x86_64/share/cmake/nlohmann_json/nlohmann_jsonConfig.cmake (found version "3.11.3")
-- Configuring done (0.2s)
-- Generating done (0.0s)
CMake Warning:
  Manually-specified variables were not used by the project:

    Boost_USE_STATIC_LIBS


-- Build files have been written to: ${REPO_ROOT}/.work/experiments/ndk-runtime/build/logos-container-x86_64
=================== logos-container build
Change Dir: '${REPO_ROOT}/.work/experiments/ndk-runtime/build/logos-container-x86_64'

Run Build Command(s): /nix/store/7bgiqc706pzzb1gmwgpzdfg491w4a8nx-ninja-1.13.1/bin/ninja -v -j 16 -k 0
ninja: no work to do.

-- Install configuration: "Release"
-- Up-to-date: ${REPO_ROOT}/.work/experiments/ndk-runtime/prefix/x86_64/include/logos_container
-- Up-to-date: ${REPO_ROOT}/.work/experiments/ndk-runtime/prefix/x86_64/include/logos_container/container_factory.h
-- Up-to-date: ${REPO_ROOT}/.work/experiments/ndk-runtime/prefix/x86_64/include/logos_container/load_status.h
-- Up-to-date: ${REPO_ROOT}/.work/experiments/ndk-runtime/prefix/x86_64/include/logos_container/module_container.h
-- Up-to-date: ${REPO_ROOT}/.work/experiments/ndk-runtime/prefix/x86_64/include/logos_container/module_descriptor.h
=================== logos-module-loader configure
CMD: cmake -S ${REPO_ROOT}/.work/experiments/ndk-runtime/src/logos-module-loader -B ${REPO_ROOT}/.work/experiments/ndk-runtime/build/logos-module-loader-x86_64 -G Ninja -DCMAKE_MAKE_PROGRAM=/nix/store/7bgiqc706pzzb1gmwgpzdfg491w4a8nx-ninja-1.13.1/bin/ninja -DCMAKE_TOOLCHAIN_FILE=${HOME}/android-ndk/android-ndk-r27c/build/cmake/android.toolchain.cmake -DANDROID_ABI=x86_64 -DANDROID_PLATFORM=android-34 -DANDROID_STL=c++_shared -DANDROID_SUPPORT_FLEXIBLE_PAGE_SIZES=ON -DCMAKE_SHARED_LINKER_FLAGS=-Wl,-z,max-page-size=16384 -DCMAKE_EXE_LINKER_FLAGS=-Wl,-z,max-page-size=16384 -DCMAKE_BUILD_TYPE=Release -DCMAKE_INSTALL_PREFIX=${REPO_ROOT}/.work/experiments/ndk-runtime/prefix/x86_64 -DCMAKE_FIND_ROOT_PATH=${REPO_ROOT}/.work/experiments/ndk-runtime/prefix/x86_64 -DCMAKE_PREFIX_PATH=${REPO_ROOT}/.work/experiments/ndk-runtime/prefix/x86_64 -DCMAKE_FIND_ROOT_PATH_MODE_PACKAGE=BOTH -DBoost_USE_STATIC_LIBS=ON -DLOGOS_MODULE_LOADER_BUILD_TESTS=OFF -DLOGOS_CONTAINER_ROOT=${REPO_ROOT}/.work/experiments/ndk-runtime/prefix/x86_64
CMake Deprecation Warning at ${HOME}/android-ndk/android-ndk-r27c/build/cmake/android.toolchain.cmake:35 (cmake_minimum_required):
  Compatibility with CMake < 3.10 will be removed from a future version of
  CMake.

  Update the VERSION argument <min> value.  Or, use the <min>...<max> syntax
  to tell CMake that the project requires at least <min> but has been updated
  to work with policies introduced by <max> or earlier.
Call Stack (most recent call first):
  /usr/share/cmake/Modules/CMakeDetermineSystem.cmake:146 (include)
  CMakeLists.txt:2 (project)


CMake Deprecation Warning at ${HOME}/android-ndk/android-ndk-r27c/build/cmake/android-legacy.toolchain.cmake:35 (cmake_minimum_required):
  Compatibility with CMake < 3.10 will be removed from a future version of
  CMake.

  Update the VERSION argument <min> value.  Or, use the <min>...<max> syntax
  to tell CMake that the project requires at least <min> but has been updated
  to work with policies introduced by <max> or earlier.
Call Stack (most recent call first):
  ${HOME}/android-ndk/android-ndk-r27c/build/cmake/android.toolchain.cmake:55 (include)
  /usr/share/cmake/Modules/CMakeDetermineSystem.cmake:146 (include)
  CMakeLists.txt:2 (project)


CMake Deprecation Warning at ${HOME}/android-ndk/android-ndk-r27c/build/cmake/android.toolchain.cmake:35 (cmake_minimum_required):
  Compatibility with CMake < 3.10 will be removed from a future version of
  CMake.

  Update the VERSION argument <min> value.  Or, use the <min>...<max> syntax
  to tell CMake that the project requires at least <min> but has been updated
  to work with policies introduced by <max> or earlier.
Call Stack (most recent call first):
  ${REPO_ROOT}/.work/experiments/ndk-runtime/build/logos-module-loader-x86_64/CMakeFiles/3.31.11/CMakeSystem.cmake:6 (include)
  CMakeLists.txt:2 (project)


-- The CXX compiler identification is Clang 18.0.3
CMake Deprecation Warning at ${HOME}/android-ndk/android-ndk-r27c/build/cmake/flags.cmake:18 (cmake_minimum_required):
  Compatibility with CMake < 3.10 will be removed from a future version of
  CMake.

  Update the VERSION argument <min> value.  Or, use the <min>...<max> syntax
  to tell CMake that the project requires at least <min> but has been updated
  to work with policies introduced by <max> or earlier.
Call Stack (most recent call first):
  /usr/share/cmake/Modules/Platform/Android-Clang.cmake:23 (include)
  /usr/share/cmake/Modules/Platform/Android-Clang-CXX.cmake:1 (include)
  /usr/share/cmake/Modules/CMakeCXXInformation.cmake:48 (include)
  CMakeLists.txt:2 (project)


-- Detecting CXX compiler ABI info
CMake Deprecation Warning at ${HOME}/android-ndk/android-ndk-r27c/build/cmake/android.toolchain.cmake:35 (cmake_minimum_required):
  Compatibility with CMake < 3.10 will be removed from a future version of
  CMake.

  Update the VERSION argument <min> value.  Or, use the <min>...<max> syntax
  to tell CMake that the project requires at least <min> but has been updated
  to work with policies introduced by <max> or earlier.
Call Stack (most recent call first):
  ${REPO_ROOT}/.work/experiments/ndk-runtime/build/logos-module-loader-x86_64/CMakeFiles/3.31.11/CMakeSystem.cmake:6 (include)
  ${REPO_ROOT}/.work/experiments/ndk-runtime/build/logos-module-loader-x86_64/CMakeFiles/CMakeScratch/TryCompile-18VHLL/CMakeLists.txt:4 (project)


CMake Deprecation Warning at ${HOME}/android-ndk/android-ndk-r27c/build/cmake/android-legacy.toolchain.cmake:35 (cmake_minimum_required):
  Compatibility with CMake < 3.10 will be removed from a future version of
  CMake.

  Update the VERSION argument <min> value.  Or, use the <min>...<max> syntax
  to tell CMake that the project requires at least <min> but has been updated
  to work with policies introduced by <max> or earlier.
Call Stack (most recent call first):
  ${HOME}/android-ndk/android-ndk-r27c/build/cmake/android.toolchain.cmake:55 (include)
  ${REPO_ROOT}/.work/experiments/ndk-runtime/build/logos-module-loader-x86_64/CMakeFiles/3.31.11/CMakeSystem.cmake:6 (include)
  ${REPO_ROOT}/.work/experiments/ndk-runtime/build/logos-module-loader-x86_64/CMakeFiles/CMakeScratch/TryCompile-18VHLL/CMakeLists.txt:4 (project)


CMake Deprecation Warning at ${HOME}/android-ndk/android-ndk-r27c/build/cmake/flags.cmake:18 (cmake_minimum_required):
  Compatibility with CMake < 3.10 will be removed from a future version of
  CMake.

  Update the VERSION argument <min> value.  Or, use the <min>...<max> syntax
  to tell CMake that the project requires at least <min> but has been updated
  to work with policies introduced by <max> or earlier.
Call Stack (most recent call first):
  /usr/share/cmake/Modules/Platform/Android-Clang.cmake:23 (include)
  /usr/share/cmake/Modules/Platform/Android-Clang-CXX.cmake:1 (include)
  /usr/share/cmake/Modules/CMakeCXXInformation.cmake:48 (include)
  ${REPO_ROOT}/.work/experiments/ndk-runtime/build/logos-module-loader-x86_64/CMakeFiles/CMakeScratch/TryCompile-18VHLL/CMakeLists.txt:4 (project)


-- Detecting CXX compiler ABI info - done
-- Check for working CXX compiler: ${HOME}/android-ndk/android-ndk-r27c/toolchains/llvm/prebuilt/linux-x86_64/bin/clang++ - skipped
-- Detecting CXX compile features
-- Detecting CXX compile features - done
-- Found nlohmann_json: ${REPO_ROOT}/.work/experiments/ndk-runtime/prefix/x86_64/share/cmake/nlohmann_json/nlohmann_jsonConfig.cmake (found version "3.11.3")
-- Configuring done (0.1s)
-- Generating done (0.0s)
CMake Warning:
  Manually-specified variables were not used by the project:

    Boost_USE_STATIC_LIBS


-- Build files have been written to: ${REPO_ROOT}/.work/experiments/ndk-runtime/build/logos-module-loader-x86_64
=================== logos-module-loader build
Change Dir: '${REPO_ROOT}/.work/experiments/ndk-runtime/build/logos-module-loader-x86_64'

Run Build Command(s): /nix/store/7bgiqc706pzzb1gmwgpzdfg491w4a8nx-ninja-1.13.1/bin/ninja -v -j 16 -k 0
ninja: no work to do.

-- Install configuration: "Release"
-- Installing: ${REPO_ROOT}/.work/experiments/ndk-runtime/prefix/x86_64/include/logos_module_loader
-- Installing: ${REPO_ROOT}/.work/experiments/ndk-runtime/prefix/x86_64/include/logos_module_loader/format_loader_factory.h
-- Installing: ${REPO_ROOT}/.work/experiments/ndk-runtime/prefix/x86_64/include/logos_module_loader/module_format_loader.h
=================== logos-container-subprocess configure
CMD: cmake -S ${REPO_ROOT}/.work/experiments/ndk-runtime/src/logos-container-subprocess -B ${REPO_ROOT}/.work/experiments/ndk-runtime/build/logos-container-subprocess-x86_64 -G Ninja -DCMAKE_MAKE_PROGRAM=/nix/store/7bgiqc706pzzb1gmwgpzdfg491w4a8nx-ninja-1.13.1/bin/ninja -DCMAKE_TOOLCHAIN_FILE=${HOME}/android-ndk/android-ndk-r27c/build/cmake/android.toolchain.cmake -DANDROID_ABI=x86_64 -DANDROID_PLATFORM=android-34 -DANDROID_STL=c++_shared -DANDROID_SUPPORT_FLEXIBLE_PAGE_SIZES=ON -DCMAKE_SHARED_LINKER_FLAGS=-Wl,-z,max-page-size=16384 -DCMAKE_EXE_LINKER_FLAGS=-Wl,-z,max-page-size=16384 -DCMAKE_BUILD_TYPE=Release -DCMAKE_INSTALL_PREFIX=${REPO_ROOT}/.work/experiments/ndk-runtime/prefix/x86_64 -DCMAKE_FIND_ROOT_PATH=${REPO_ROOT}/.work/experiments/ndk-runtime/prefix/x86_64 -DCMAKE_PREFIX_PATH=${REPO_ROOT}/.work/experiments/ndk-runtime/prefix/x86_64 -DCMAKE_FIND_ROOT_PATH_MODE_PACKAGE=BOTH -DBoost_USE_STATIC_LIBS=ON -DLOGOS_CONTAINER_ROOT=${REPO_ROOT}/.work/experiments/ndk-runtime/prefix/x86_64 -DLOGOS_CONTAINER_SUBPROCESS_BUILD_TESTS=OFF
CMake Deprecation Warning at ${HOME}/android-ndk/android-ndk-r27c/build/cmake/android.toolchain.cmake:35 (cmake_minimum_required):
  Compatibility with CMake < 3.10 will be removed from a future version of
  CMake.

  Update the VERSION argument <min> value.  Or, use the <min>...<max> syntax
  to tell CMake that the project requires at least <min> but has been updated
  to work with policies introduced by <max> or earlier.
Call Stack (most recent call first):
  /usr/share/cmake/Modules/CMakeDetermineSystem.cmake:146 (include)
  CMakeLists.txt:2 (project)


CMake Deprecation Warning at ${HOME}/android-ndk/android-ndk-r27c/build/cmake/android-legacy.toolchain.cmake:35 (cmake_minimum_required):
  Compatibility with CMake < 3.10 will be removed from a future version of
  CMake.

  Update the VERSION argument <min> value.  Or, use the <min>...<max> syntax
  to tell CMake that the project requires at least <min> but has been updated
  to work with policies introduced by <max> or earlier.
Call Stack (most recent call first):
  ${HOME}/android-ndk/android-ndk-r27c/build/cmake/android.toolchain.cmake:55 (include)
  /usr/share/cmake/Modules/CMakeDetermineSystem.cmake:146 (include)
  CMakeLists.txt:2 (project)


CMake Deprecation Warning at ${HOME}/android-ndk/android-ndk-r27c/build/cmake/android.toolchain.cmake:35 (cmake_minimum_required):
  Compatibility with CMake < 3.10 will be removed from a future version of
  CMake.

  Update the VERSION argument <min> value.  Or, use the <min>...<max> syntax
  to tell CMake that the project requires at least <min> but has been updated
  to work with policies introduced by <max> or earlier.
Call Stack (most recent call first):
  ${REPO_ROOT}/.work/experiments/ndk-runtime/build/logos-container-subprocess-x86_64/CMakeFiles/3.31.11/CMakeSystem.cmake:6 (include)
  CMakeLists.txt:2 (project)


-- The CXX compiler identification is Clang 18.0.3
CMake Deprecation Warning at ${HOME}/android-ndk/android-ndk-r27c/build/cmake/flags.cmake:18 (cmake_minimum_required):
  Compatibility with CMake < 3.10 will be removed from a future version of
  CMake.

  Update the VERSION argument <min> value.  Or, use the <min>...<max> syntax
  to tell CMake that the project requires at least <min> but has been updated
  to work with policies introduced by <max> or earlier.
Call Stack (most recent call first):
  /usr/share/cmake/Modules/Platform/Android-Clang.cmake:23 (include)
  /usr/share/cmake/Modules/Platform/Android-Clang-CXX.cmake:1 (include)
  /usr/share/cmake/Modules/CMakeCXXInformation.cmake:48 (include)
  CMakeLists.txt:2 (project)


-- Detecting CXX compiler ABI info
CMake Deprecation Warning at ${HOME}/android-ndk/android-ndk-r27c/build/cmake/android.toolchain.cmake:35 (cmake_minimum_required):
  Compatibility with CMake < 3.10 will be removed from a future version of
  CMake.

  Update the VERSION argument <min> value.  Or, use the <min>...<max> syntax
  to tell CMake that the project requires at least <min> but has been updated
  to work with policies introduced by <max> or earlier.
Call Stack (most recent call first):
  ${REPO_ROOT}/.work/experiments/ndk-runtime/build/logos-container-subprocess-x86_64/CMakeFiles/3.31.11/CMakeSystem.cmake:6 (include)
  ${REPO_ROOT}/.work/experiments/ndk-runtime/build/logos-container-subprocess-x86_64/CMakeFiles/CMakeScratch/TryCompile-bPDpfL/CMakeLists.txt:4 (project)


CMake Deprecation Warning at ${HOME}/android-ndk/android-ndk-r27c/build/cmake/android-legacy.toolchain.cmake:35 (cmake_minimum_required):
  Compatibility with CMake < 3.10 will be removed from a future version of
  CMake.

  Update the VERSION argument <min> value.  Or, use the <min>...<max> syntax
  to tell CMake that the project requires at least <min> but has been updated
  to work with policies introduced by <max> or earlier.
Call Stack (most recent call first):
  ${HOME}/android-ndk/android-ndk-r27c/build/cmake/android.toolchain.cmake:55 (include)
  ${REPO_ROOT}/.work/experiments/ndk-runtime/build/logos-container-subprocess-x86_64/CMakeFiles/3.31.11/CMakeSystem.cmake:6 (include)
  ${REPO_ROOT}/.work/experiments/ndk-runtime/build/logos-container-subprocess-x86_64/CMakeFiles/CMakeScratch/TryCompile-bPDpfL/CMakeLists.txt:4 (project)


CMake Deprecation Warning at ${HOME}/android-ndk/android-ndk-r27c/build/cmake/flags.cmake:18 (cmake_minimum_required):
  Compatibility with CMake < 3.10 will be removed from a future version of
  CMake.

  Update the VERSION argument <min> value.  Or, use the <min>...<max> syntax
  to tell CMake that the project requires at least <min> but has been updated
  to work with policies introduced by <max> or earlier.
Call Stack (most recent call first):
  /usr/share/cmake/Modules/Platform/Android-Clang.cmake:23 (include)
  /usr/share/cmake/Modules/Platform/Android-Clang-CXX.cmake:1 (include)
  /usr/share/cmake/Modules/CMakeCXXInformation.cmake:48 (include)
  ${REPO_ROOT}/.work/experiments/ndk-runtime/build/logos-container-subprocess-x86_64/CMakeFiles/CMakeScratch/TryCompile-bPDpfL/CMakeLists.txt:4 (project)


-- Detecting CXX compiler ABI info - done
-- Check for working CXX compiler: ${HOME}/android-ndk/android-ndk-r27c/toolchains/llvm/prebuilt/linux-x86_64/bin/clang++ - skipped
-- Detecting CXX compile features
-- Detecting CXX compile features - done
CMake Warning (dev) at CMakeLists.txt:8 (find_package):
  Policy CMP0167 is not set: The FindBoost module is removed.  Run "cmake
  --help-policy CMP0167" for policy details.  Use the cmake_policy command to
  set the policy and suppress this warning.

This warning is for project developers.  Use -Wno-dev to suppress it.

-- Found Boost: ${REPO_ROOT}/.work/experiments/ndk-runtime/prefix/x86_64/lib/cmake/Boost-1.87.0/BoostConfig.cmake (found version "1.87.0") found components: process
-- Found nlohmann_json: ${REPO_ROOT}/.work/experiments/ndk-runtime/prefix/x86_64/share/cmake/nlohmann_json/nlohmann_jsonConfig.cmake (found version "3.11.3")
-- Performing Test CMAKE_HAVE_LIBC_PTHREAD
CMake Deprecation Warning at ${HOME}/android-ndk/android-ndk-r27c/build/cmake/android.toolchain.cmake:35 (cmake_minimum_required):
  Compatibility with CMake < 3.10 will be removed from a future version of
  CMake.

  Update the VERSION argument <min> value.  Or, use the <min>...<max> syntax
  to tell CMake that the project requires at least <min> but has been updated
  to work with policies introduced by <max> or earlier.
Call Stack (most recent call first):
  ${REPO_ROOT}/.work/experiments/ndk-runtime/build/logos-container-subprocess-x86_64/CMakeFiles/3.31.11/CMakeSystem.cmake:6 (include)
  ${REPO_ROOT}/.work/experiments/ndk-runtime/build/logos-container-subprocess-x86_64/CMakeFiles/CMakeScratch/TryCompile-d4hNQN/CMakeLists.txt:4 (project)


CMake Deprecation Warning at ${HOME}/android-ndk/android-ndk-r27c/build/cmake/android-legacy.toolchain.cmake:35 (cmake_minimum_required):
  Compatibility with CMake < 3.10 will be removed from a future version of
  CMake.

  Update the VERSION argument <min> value.  Or, use the <min>...<max> syntax
  to tell CMake that the project requires at least <min> but has been updated
  to work with policies introduced by <max> or earlier.
Call Stack (most recent call first):
  ${HOME}/android-ndk/android-ndk-r27c/build/cmake/android.toolchain.cmake:55 (include)
  ${REPO_ROOT}/.work/experiments/ndk-runtime/build/logos-container-subprocess-x86_64/CMakeFiles/3.31.11/CMakeSystem.cmake:6 (include)
  ${REPO_ROOT}/.work/experiments/ndk-runtime/build/logos-container-subprocess-x86_64/CMakeFiles/CMakeScratch/TryCompile-d4hNQN/CMakeLists.txt:4 (project)


CMake Deprecation Warning at ${HOME}/android-ndk/android-ndk-r27c/build/cmake/flags.cmake:18 (cmake_minimum_required):
  Compatibility with CMake < 3.10 will be removed from a future version of
  CMake.

  Update the VERSION argument <min> value.  Or, use the <min>...<max> syntax
  to tell CMake that the project requires at least <min> but has been updated
  to work with policies introduced by <max> or earlier.
Call Stack (most recent call first):
  /usr/share/cmake/Modules/Platform/Android-Clang.cmake:23 (include)
  /usr/share/cmake/Modules/Platform/Android-Clang-CXX.cmake:1 (include)
  /usr/share/cmake/Modules/CMakeCXXInformation.cmake:48 (include)
  ${REPO_ROOT}/.work/experiments/ndk-runtime/build/logos-container-subprocess-x86_64/CMakeFiles/CMakeScratch/TryCompile-d4hNQN/CMakeLists.txt:4 (project)


-- Performing Test CMAKE_HAVE_LIBC_PTHREAD - Failed
-- Looking for pthread_create in pthreads
CMake Deprecation Warning at ${HOME}/android-ndk/android-ndk-r27c/build/cmake/android.toolchain.cmake:35 (cmake_minimum_required):
  Compatibility with CMake < 3.10 will be removed from a future version of
  CMake.

  Update the VERSION argument <min> value.  Or, use the <min>...<max> syntax
  to tell CMake that the project requires at least <min> but has been updated
  to work with policies introduced by <max> or earlier.
Call Stack (most recent call first):
  ${REPO_ROOT}/.work/experiments/ndk-runtime/build/logos-container-subprocess-x86_64/CMakeFiles/3.31.11/CMakeSystem.cmake:6 (include)
  ${REPO_ROOT}/.work/experiments/ndk-runtime/build/logos-container-subprocess-x86_64/CMakeFiles/CMakeScratch/TryCompile-NElnlm/CMakeLists.txt:4 (project)


CMake Deprecation Warning at ${HOME}/android-ndk/android-ndk-r27c/build/cmake/android-legacy.toolchain.cmake:35 (cmake_minimum_required):
  Compatibility with CMake < 3.10 will be removed from a future version of
  CMake.

  Update the VERSION argument <min> value.  Or, use the <min>...<max> syntax
  to tell CMake that the project requires at least <min> but has been updated
  to work with policies introduced by <max> or earlier.
Call Stack (most recent call first):
  ${HOME}/android-ndk/android-ndk-r27c/build/cmake/android.toolchain.cmake:55 (include)
  ${REPO_ROOT}/.work/experiments/ndk-runtime/build/logos-container-subprocess-x86_64/CMakeFiles/3.31.11/CMakeSystem.cmake:6 (include)
  ${REPO_ROOT}/.work/experiments/ndk-runtime/build/logos-container-subprocess-x86_64/CMakeFiles/CMakeScratch/TryCompile-NElnlm/CMakeLists.txt:4 (project)


CMake Deprecation Warning at ${HOME}/android-ndk/android-ndk-r27c/build/cmake/flags.cmake:18 (cmake_minimum_required):
  Compatibility with CMake < 3.10 will be removed from a future version of
  CMake.

  Update the VERSION argument <min> value.  Or, use the <min>...<max> syntax
  to tell CMake that the project requires at least <min> but has been updated
  to work with policies introduced by <max> or earlier.
Call Stack (most recent call first):
  /usr/share/cmake/Modules/Platform/Android-Clang.cmake:23 (include)
  /usr/share/cmake/Modules/Platform/Android-Clang-CXX.cmake:1 (include)
  /usr/share/cmake/Modules/CMakeCXXInformation.cmake:48 (include)
  ${REPO_ROOT}/.work/experiments/ndk-runtime/build/logos-container-subprocess-x86_64/CMakeFiles/CMakeScratch/TryCompile-NElnlm/CMakeLists.txt:4 (project)


-- Looking for pthread_create in pthreads - not found
-- Looking for pthread_create in pthread
CMake Deprecation Warning at ${HOME}/android-ndk/android-ndk-r27c/build/cmake/android.toolchain.cmake:35 (cmake_minimum_required):
  Compatibility with CMake < 3.10 will be removed from a future version of
  CMake.

  Update the VERSION argument <min> value.  Or, use the <min>...<max> syntax
  to tell CMake that the project requires at least <min> but has been updated
  to work with policies introduced by <max> or earlier.
Call Stack (most recent call first):
  ${REPO_ROOT}/.work/experiments/ndk-runtime/build/logos-container-subprocess-x86_64/CMakeFiles/3.31.11/CMakeSystem.cmake:6 (include)
  ${REPO_ROOT}/.work/experiments/ndk-runtime/build/logos-container-subprocess-x86_64/CMakeFiles/CMakeScratch/TryCompile-AwKEW0/CMakeLists.txt:4 (project)


CMake Deprecation Warning at ${HOME}/android-ndk/android-ndk-r27c/build/cmake/android-legacy.toolchain.cmake:35 (cmake_minimum_required):
  Compatibility with CMake < 3.10 will be removed from a future version of
  CMake.

  Update the VERSION argument <min> value.  Or, use the <min>...<max> syntax
  to tell CMake that the project requires at least <min> but has been updated
  to work with policies introduced by <max> or earlier.
Call Stack (most recent call first):
  ${HOME}/android-ndk/android-ndk-r27c/build/cmake/android.toolchain.cmake:55 (include)
  ${REPO_ROOT}/.work/experiments/ndk-runtime/build/logos-container-subprocess-x86_64/CMakeFiles/3.31.11/CMakeSystem.cmake:6 (include)
  ${REPO_ROOT}/.work/experiments/ndk-runtime/build/logos-container-subprocess-x86_64/CMakeFiles/CMakeScratch/TryCompile-AwKEW0/CMakeLists.txt:4 (project)


CMake Deprecation Warning at ${HOME}/android-ndk/android-ndk-r27c/build/cmake/flags.cmake:18 (cmake_minimum_required):
  Compatibility with CMake < 3.10 will be removed from a future version of
  CMake.

  Update the VERSION argument <min> value.  Or, use the <min>...<max> syntax
  to tell CMake that the project requires at least <min> but has been updated
  to work with policies introduced by <max> or earlier.
Call Stack (most recent call first):
  /usr/share/cmake/Modules/Platform/Android-Clang.cmake:23 (include)
  /usr/share/cmake/Modules/Platform/Android-Clang-CXX.cmake:1 (include)
  /usr/share/cmake/Modules/CMakeCXXInformation.cmake:48 (include)
  ${REPO_ROOT}/.work/experiments/ndk-runtime/build/logos-container-subprocess-x86_64/CMakeFiles/CMakeScratch/TryCompile-AwKEW0/CMakeLists.txt:4 (project)


-- Looking for pthread_create in pthread - not found
-- Check if compiler accepts -pthread
CMake Deprecation Warning at ${HOME}/android-ndk/android-ndk-r27c/build/cmake/android.toolchain.cmake:35 (cmake_minimum_required):
  Compatibility with CMake < 3.10 will be removed from a future version of
  CMake.

  Update the VERSION argument <min> value.  Or, use the <min>...<max> syntax
  to tell CMake that the project requires at least <min> but has been updated
  to work with policies introduced by <max> or earlier.
Call Stack (most recent call first):
  ${REPO_ROOT}/.work/experiments/ndk-runtime/build/logos-container-subprocess-x86_64/CMakeFiles/3.31.11/CMakeSystem.cmake:6 (include)
  ${REPO_ROOT}/.work/experiments/ndk-runtime/build/logos-container-subprocess-x86_64/CMakeFiles/CMakeScratch/TryCompile-1Dp4nx/CMakeLists.txt:4 (project)


CMake Deprecation Warning at ${HOME}/android-ndk/android-ndk-r27c/build/cmake/android-legacy.toolchain.cmake:35 (cmake_minimum_required):
  Compatibility with CMake < 3.10 will be removed from a future version of
  CMake.

  Update the VERSION argument <min> value.  Or, use the <min>...<max> syntax
  to tell CMake that the project requires at least <min> but has been updated
  to work with policies introduced by <max> or earlier.
Call Stack (most recent call first):
  ${HOME}/android-ndk/android-ndk-r27c/build/cmake/android.toolchain.cmake:55 (include)
  ${REPO_ROOT}/.work/experiments/ndk-runtime/build/logos-container-subprocess-x86_64/CMakeFiles/3.31.11/CMakeSystem.cmake:6 (include)
  ${REPO_ROOT}/.work/experiments/ndk-runtime/build/logos-container-subprocess-x86_64/CMakeFiles/CMakeScratch/TryCompile-1Dp4nx/CMakeLists.txt:4 (project)


CMake Deprecation Warning at ${HOME}/android-ndk/android-ndk-r27c/build/cmake/flags.cmake:18 (cmake_minimum_required):
  Compatibility with CMake < 3.10 will be removed from a future version of
  CMake.

  Update the VERSION argument <min> value.  Or, use the <min>...<max> syntax
  to tell CMake that the project requires at least <min> but has been updated
  to work with policies introduced by <max> or earlier.
Call Stack (most recent call first):
  /usr/share/cmake/Modules/Platform/Android-Clang.cmake:23 (include)
  /usr/share/cmake/Modules/Platform/Android-Clang-CXX.cmake:1 (include)
  /usr/share/cmake/Modules/CMakeCXXInformation.cmake:48 (include)
  ${REPO_ROOT}/.work/experiments/ndk-runtime/build/logos-container-subprocess-x86_64/CMakeFiles/CMakeScratch/TryCompile-1Dp4nx/CMakeLists.txt:4 (project)


-- Check if compiler accepts -pthread - yes
-- Found Threads: TRUE
-- Configuring done (0.4s)
-- Generating done (0.0s)
-- Build files have been written to: ${REPO_ROOT}/.work/experiments/ndk-runtime/build/logos-container-subprocess-x86_64
=================== logos-container-subprocess build
Change Dir: '${REPO_ROOT}/.work/experiments/ndk-runtime/build/logos-container-subprocess-x86_64'

Run Build Command(s): /nix/store/7bgiqc706pzzb1gmwgpzdfg491w4a8nx-ninja-1.13.1/bin/ninja -v -j 16 -k 0
[1/3] ${HOME}/android-ndk/android-ndk-r27c/toolchains/llvm/prebuilt/linux-x86_64/bin/clang++ --target=x86_64-none-linux-android34 --sysroot=${HOME}/android-ndk/android-ndk-r27c/toolchains/llvm/prebuilt/linux-x86_64/sysroot -DBOOST_ATOMIC_NO_LIB -DBOOST_CONTEXT_NO_LIB -DBOOST_DATE_TIME_NO_LIB -DBOOST_FILESYSTEM_NO_LIB -DBOOST_PROCESS_NO_LIB -DBOOST_SYSTEM_NO_LIB -DFMT_SHARED -DSPDLOG_COMPILED_LIB -DSPDLOG_FMT_EXTERNAL -DSPDLOG_SHARED_LIB -I${REPO_ROOT}/.work/experiments/ndk-runtime/src/logos-container-subprocess/src -isystem ${REPO_ROOT}/.work/experiments/ndk-runtime/prefix/x86_64/include -g -DANDROID -fdata-sections -ffunction-sections -funwind-tables -fstack-protector-strong -no-canonical-prefixes -D__BIONIC_NO_PAGE_SIZE_MACRO -D_FORTIFY_SOURCE=2 -Wformat -Werror=format-security   -O3 -DNDEBUG  -std=gnu++17 -fPIC -pthread -MD -MT src/CMakeFiles/logos_container_subprocess.dir/subprocess_container_factory.cpp.o -MF src/CMakeFiles/logos_container_subprocess.dir/subprocess_container_factory.cpp.o.d -o src/CMakeFiles/logos_container_subprocess.dir/subprocess_container_factory.cpp.o -c ${REPO_ROOT}/.work/experiments/ndk-runtime/src/logos-container-subprocess/src/subprocess_container_factory.cpp
[2/3] ${HOME}/android-ndk/android-ndk-r27c/toolchains/llvm/prebuilt/linux-x86_64/bin/clang++ --target=x86_64-none-linux-android34 --sysroot=${HOME}/android-ndk/android-ndk-r27c/toolchains/llvm/prebuilt/linux-x86_64/sysroot -DBOOST_ATOMIC_NO_LIB -DBOOST_CONTEXT_NO_LIB -DBOOST_DATE_TIME_NO_LIB -DBOOST_FILESYSTEM_NO_LIB -DBOOST_PROCESS_NO_LIB -DBOOST_SYSTEM_NO_LIB -DFMT_SHARED -DSPDLOG_COMPILED_LIB -DSPDLOG_FMT_EXTERNAL -DSPDLOG_SHARED_LIB -I${REPO_ROOT}/.work/experiments/ndk-runtime/src/logos-container-subprocess/src -isystem ${REPO_ROOT}/.work/experiments/ndk-runtime/prefix/x86_64/include -g -DANDROID -fdata-sections -ffunction-sections -funwind-tables -fstack-protector-strong -no-canonical-prefixes -D__BIONIC_NO_PAGE_SIZE_MACRO -D_FORTIFY_SOURCE=2 -Wformat -Werror=format-security   -O3 -DNDEBUG  -std=gnu++17 -fPIC -pthread -MD -MT src/CMakeFiles/logos_container_subprocess.dir/subprocess_container.cpp.o -MF src/CMakeFiles/logos_container_subprocess.dir/subprocess_container.cpp.o.d -o src/CMakeFiles/logos_container_subprocess.dir/subprocess_container.cpp.o -c ${REPO_ROOT}/.work/experiments/ndk-runtime/src/logos-container-subprocess/src/subprocess_container.cpp
[3/3] : && /usr/bin/cmake -E rm -f lib/liblogos_container_subprocess.a && ${HOME}/android-ndk/android-ndk-r27c/toolchains/llvm/prebuilt/linux-x86_64/bin/llvm-ar qc lib/liblogos_container_subprocess.a  src/CMakeFiles/logos_container_subprocess.dir/subprocess_container.cpp.o src/CMakeFiles/logos_container_subprocess.dir/subprocess_container_factory.cpp.o && ${HOME}/android-ndk/android-ndk-r27c/toolchains/llvm/prebuilt/linux-x86_64/bin/llvm-ranlib lib/liblogos_container_subprocess.a && :

-- Install configuration: "Release"
-- Installing: ${REPO_ROOT}/.work/experiments/ndk-runtime/prefix/x86_64/lib/liblogos_container_subprocess.a
-- Up-to-date: ${REPO_ROOT}/.work/experiments/ndk-runtime/prefix/x86_64/include/logos_container_subprocess
-- Up-to-date: ${REPO_ROOT}/.work/experiments/ndk-runtime/prefix/x86_64/include/logos_container_subprocess/subprocess_container.h
-- Up-to-date: ${REPO_ROOT}/.work/experiments/ndk-runtime/prefix/x86_64/lib/cmake/LogosContainerImpl/LogosContainerImplConfig.cmake
=================== process-stats configure
CMD: cmake -S ${REPO_ROOT}/.work/experiments/ndk-runtime/src/process-stats -B ${REPO_ROOT}/.work/experiments/ndk-runtime/build/process-stats-x86_64 -G Ninja -DCMAKE_MAKE_PROGRAM=/nix/store/7bgiqc706pzzb1gmwgpzdfg491w4a8nx-ninja-1.13.1/bin/ninja -DCMAKE_TOOLCHAIN_FILE=${HOME}/android-ndk/android-ndk-r27c/build/cmake/android.toolchain.cmake -DANDROID_ABI=x86_64 -DANDROID_PLATFORM=android-34 -DANDROID_STL=c++_shared -DANDROID_SUPPORT_FLEXIBLE_PAGE_SIZES=ON -DCMAKE_SHARED_LINKER_FLAGS=-Wl,-z,max-page-size=16384 -DCMAKE_EXE_LINKER_FLAGS=-Wl,-z,max-page-size=16384 -DCMAKE_BUILD_TYPE=Release -DCMAKE_INSTALL_PREFIX=${REPO_ROOT}/.work/experiments/ndk-runtime/prefix/x86_64 -DCMAKE_FIND_ROOT_PATH=${REPO_ROOT}/.work/experiments/ndk-runtime/prefix/x86_64 -DCMAKE_PREFIX_PATH=${REPO_ROOT}/.work/experiments/ndk-runtime/prefix/x86_64 -DCMAKE_FIND_ROOT_PATH_MODE_PACKAGE=BOTH -DBoost_USE_STATIC_LIBS=ON -DPROCESS_STATS_BUILD_TESTS=OFF
CMake Deprecation Warning at ${HOME}/android-ndk/android-ndk-r27c/build/cmake/android.toolchain.cmake:35 (cmake_minimum_required):
  Compatibility with CMake < 3.10 will be removed from a future version of
  CMake.

  Update the VERSION argument <min> value.  Or, use the <min>...<max> syntax
  to tell CMake that the project requires at least <min> but has been updated
  to work with policies introduced by <max> or earlier.
Call Stack (most recent call first):
  /usr/share/cmake/Modules/CMakeDetermineSystem.cmake:146 (include)
  CMakeLists.txt:2 (project)


CMake Deprecation Warning at ${HOME}/android-ndk/android-ndk-r27c/build/cmake/android-legacy.toolchain.cmake:35 (cmake_minimum_required):
  Compatibility with CMake < 3.10 will be removed from a future version of
  CMake.

  Update the VERSION argument <min> value.  Or, use the <min>...<max> syntax
  to tell CMake that the project requires at least <min> but has been updated
  to work with policies introduced by <max> or earlier.
Call Stack (most recent call first):
  ${HOME}/android-ndk/android-ndk-r27c/build/cmake/android.toolchain.cmake:55 (include)
  /usr/share/cmake/Modules/CMakeDetermineSystem.cmake:146 (include)
  CMakeLists.txt:2 (project)


CMake Deprecation Warning at ${HOME}/android-ndk/android-ndk-r27c/build/cmake/android.toolchain.cmake:35 (cmake_minimum_required):
  Compatibility with CMake < 3.10 will be removed from a future version of
  CMake.

  Update the VERSION argument <min> value.  Or, use the <min>...<max> syntax
  to tell CMake that the project requires at least <min> but has been updated
  to work with policies introduced by <max> or earlier.
Call Stack (most recent call first):
  ${REPO_ROOT}/.work/experiments/ndk-runtime/build/process-stats-x86_64/CMakeFiles/3.31.11/CMakeSystem.cmake:6 (include)
  CMakeLists.txt:2 (project)


-- The CXX compiler identification is Clang 18.0.3
CMake Deprecation Warning at ${HOME}/android-ndk/android-ndk-r27c/build/cmake/flags.cmake:18 (cmake_minimum_required):
  Compatibility with CMake < 3.10 will be removed from a future version of
  CMake.

  Update the VERSION argument <min> value.  Or, use the <min>...<max> syntax
  to tell CMake that the project requires at least <min> but has been updated
  to work with policies introduced by <max> or earlier.
Call Stack (most recent call first):
  /usr/share/cmake/Modules/Platform/Android-Clang.cmake:23 (include)
  /usr/share/cmake/Modules/Platform/Android-Clang-CXX.cmake:1 (include)
  /usr/share/cmake/Modules/CMakeCXXInformation.cmake:48 (include)
  CMakeLists.txt:2 (project)


-- Detecting CXX compiler ABI info
CMake Deprecation Warning at ${HOME}/android-ndk/android-ndk-r27c/build/cmake/android.toolchain.cmake:35 (cmake_minimum_required):
  Compatibility with CMake < 3.10 will be removed from a future version of
  CMake.

  Update the VERSION argument <min> value.  Or, use the <min>...<max> syntax
  to tell CMake that the project requires at least <min> but has been updated
  to work with policies introduced by <max> or earlier.
Call Stack (most recent call first):
  ${REPO_ROOT}/.work/experiments/ndk-runtime/build/process-stats-x86_64/CMakeFiles/3.31.11/CMakeSystem.cmake:6 (include)
  ${REPO_ROOT}/.work/experiments/ndk-runtime/build/process-stats-x86_64/CMakeFiles/CMakeScratch/TryCompile-My1fip/CMakeLists.txt:4 (project)


CMake Deprecation Warning at ${HOME}/android-ndk/android-ndk-r27c/build/cmake/android-legacy.toolchain.cmake:35 (cmake_minimum_required):
  Compatibility with CMake < 3.10 will be removed from a future version of
  CMake.

  Update the VERSION argument <min> value.  Or, use the <min>...<max> syntax
  to tell CMake that the project requires at least <min> but has been updated
  to work with policies introduced by <max> or earlier.
Call Stack (most recent call first):
  ${HOME}/android-ndk/android-ndk-r27c/build/cmake/android.toolchain.cmake:55 (include)
  ${REPO_ROOT}/.work/experiments/ndk-runtime/build/process-stats-x86_64/CMakeFiles/3.31.11/CMakeSystem.cmake:6 (include)
  ${REPO_ROOT}/.work/experiments/ndk-runtime/build/process-stats-x86_64/CMakeFiles/CMakeScratch/TryCompile-My1fip/CMakeLists.txt:4 (project)


CMake Deprecation Warning at ${HOME}/android-ndk/android-ndk-r27c/build/cmake/flags.cmake:18 (cmake_minimum_required):
  Compatibility with CMake < 3.10 will be removed from a future version of
  CMake.

  Update the VERSION argument <min> value.  Or, use the <min>...<max> syntax
  to tell CMake that the project requires at least <min> but has been updated
  to work with policies introduced by <max> or earlier.
Call Stack (most recent call first):
  /usr/share/cmake/Modules/Platform/Android-Clang.cmake:23 (include)
  /usr/share/cmake/Modules/Platform/Android-Clang-CXX.cmake:1 (include)
  /usr/share/cmake/Modules/CMakeCXXInformation.cmake:48 (include)
  ${REPO_ROOT}/.work/experiments/ndk-runtime/build/process-stats-x86_64/CMakeFiles/CMakeScratch/TryCompile-My1fip/CMakeLists.txt:4 (project)


-- Detecting CXX compiler ABI info - done
-- Check for working CXX compiler: ${HOME}/android-ndk/android-ndk-r27c/toolchains/llvm/prebuilt/linux-x86_64/bin/clang++ - skipped
-- Detecting CXX compile features
-- Detecting CXX compile features - done
-- Found nlohmann_json: ${REPO_ROOT}/.work/experiments/ndk-runtime/prefix/x86_64/share/cmake/nlohmann_json/nlohmann_jsonConfig.cmake (found version "3.11.3")
-- Configuring done (0.1s)
-- Generating done (0.0s)
CMake Warning:
  Manually-specified variables were not used by the project:

    Boost_USE_STATIC_LIBS


-- Build files have been written to: ${REPO_ROOT}/.work/experiments/ndk-runtime/build/process-stats-x86_64
=================== process-stats build
Change Dir: '${REPO_ROOT}/.work/experiments/ndk-runtime/build/process-stats-x86_64'

Run Build Command(s): /nix/store/7bgiqc706pzzb1gmwgpzdfg491w4a8nx-ninja-1.13.1/bin/ninja -v -j 16 -k 0
[1/2] ${HOME}/android-ndk/android-ndk-r27c/toolchains/llvm/prebuilt/linux-x86_64/bin/clang++ --target=x86_64-none-linux-android34 --sysroot=${HOME}/android-ndk/android-ndk-r27c/toolchains/llvm/prebuilt/linux-x86_64/sysroot  -I${REPO_ROOT}/.work/experiments/ndk-runtime/src/process-stats/src -isystem ${REPO_ROOT}/.work/experiments/ndk-runtime/prefix/x86_64/include -g -DANDROID -fdata-sections -ffunction-sections -funwind-tables -fstack-protector-strong -no-canonical-prefixes -D__BIONIC_NO_PAGE_SIZE_MACRO -D_FORTIFY_SOURCE=2 -Wformat -Werror=format-security   -O3 -DNDEBUG  -std=gnu++17 -fPIC -MD -MT src/CMakeFiles/process_stats.dir/process_stats.cpp.o -MF src/CMakeFiles/process_stats.dir/process_stats.cpp.o.d -o src/CMakeFiles/process_stats.dir/process_stats.cpp.o -c ${REPO_ROOT}/.work/experiments/ndk-runtime/src/process-stats/src/process_stats.cpp
[2/2] : && /usr/bin/cmake -E rm -f lib/libprocess_stats.a && ${HOME}/android-ndk/android-ndk-r27c/toolchains/llvm/prebuilt/linux-x86_64/bin/llvm-ar qc lib/libprocess_stats.a  src/CMakeFiles/process_stats.dir/process_stats.cpp.o && ${HOME}/android-ndk/android-ndk-r27c/toolchains/llvm/prebuilt/linux-x86_64/bin/llvm-ranlib lib/libprocess_stats.a && :

-- Install configuration: "Release"
-- Installing: ${REPO_ROOT}/.work/experiments/ndk-runtime/prefix/x86_64/lib/libprocess_stats.a
-- Up-to-date: ${REPO_ROOT}/.work/experiments/ndk-runtime/prefix/x86_64/include/process_stats
-- Up-to-date: ${REPO_ROOT}/.work/experiments/ndk-runtime/prefix/x86_64/include/process_stats/process_stats.h
=================== logos-module-loader-qt-parent configure
CMD: cmake -S ${REPO_ROOT}/.work/experiments/ndk-runtime/src/wrap/loader-qt-parent -B ${REPO_ROOT}/.work/experiments/ndk-runtime/build/logos-module-loader-qt-parent-x86_64 -G Ninja -DCMAKE_MAKE_PROGRAM=/nix/store/7bgiqc706pzzb1gmwgpzdfg491w4a8nx-ninja-1.13.1/bin/ninja -DCMAKE_TOOLCHAIN_FILE=${HOME}/android-ndk/android-ndk-r27c/build/cmake/android.toolchain.cmake -DANDROID_ABI=x86_64 -DANDROID_PLATFORM=android-34 -DANDROID_STL=c++_shared -DANDROID_SUPPORT_FLEXIBLE_PAGE_SIZES=ON -DCMAKE_SHARED_LINKER_FLAGS=-Wl,-z,max-page-size=16384 -DCMAKE_EXE_LINKER_FLAGS=-Wl,-z,max-page-size=16384 -DCMAKE_BUILD_TYPE=Release -DCMAKE_INSTALL_PREFIX=${REPO_ROOT}/.work/experiments/ndk-runtime/prefix/x86_64 -DCMAKE_FIND_ROOT_PATH=${REPO_ROOT}/.work/experiments/ndk-runtime/prefix/x86_64 -DCMAKE_PREFIX_PATH=${REPO_ROOT}/.work/experiments/ndk-runtime/prefix/x86_64 -DCMAKE_FIND_ROOT_PATH_MODE_PACKAGE=BOTH -DBoost_USE_STATIC_LIBS=ON -DLOADER_QT_SRC=${REPO_ROOT}/.work/experiments/ndk-runtime/src/logos-module-loader-qt -DLOGOS_CONTAINER_ROOT=${REPO_ROOT}/.work/experiments/ndk-runtime/prefix/x86_64 -DLOGOS_MODULE_LOADER_ROOT=${REPO_ROOT}/.work/experiments/ndk-runtime/prefix/x86_64
CMake Deprecation Warning at ${HOME}/android-ndk/android-ndk-r27c/build/cmake/android.toolchain.cmake:35 (cmake_minimum_required):
  Compatibility with CMake < 3.10 will be removed from a future version of
  CMake.

  Update the VERSION argument <min> value.  Or, use the <min>...<max> syntax
  to tell CMake that the project requires at least <min> but has been updated
  to work with policies introduced by <max> or earlier.
Call Stack (most recent call first):
  /usr/share/cmake/Modules/CMakeDetermineSystem.cmake:146 (include)
  CMakeLists.txt:8 (project)


CMake Deprecation Warning at ${HOME}/android-ndk/android-ndk-r27c/build/cmake/android-legacy.toolchain.cmake:35 (cmake_minimum_required):
  Compatibility with CMake < 3.10 will be removed from a future version of
  CMake.

  Update the VERSION argument <min> value.  Or, use the <min>...<max> syntax
  to tell CMake that the project requires at least <min> but has been updated
  to work with policies introduced by <max> or earlier.
Call Stack (most recent call first):
  ${HOME}/android-ndk/android-ndk-r27c/build/cmake/android.toolchain.cmake:55 (include)
  /usr/share/cmake/Modules/CMakeDetermineSystem.cmake:146 (include)
  CMakeLists.txt:8 (project)


CMake Deprecation Warning at ${HOME}/android-ndk/android-ndk-r27c/build/cmake/android.toolchain.cmake:35 (cmake_minimum_required):
  Compatibility with CMake < 3.10 will be removed from a future version of
  CMake.

  Update the VERSION argument <min> value.  Or, use the <min>...<max> syntax
  to tell CMake that the project requires at least <min> but has been updated
  to work with policies introduced by <max> or earlier.
Call Stack (most recent call first):
  ${REPO_ROOT}/.work/experiments/ndk-runtime/build/logos-module-loader-qt-parent-x86_64/CMakeFiles/3.31.11/CMakeSystem.cmake:6 (include)
  CMakeLists.txt:8 (project)


-- The CXX compiler identification is Clang 18.0.3
CMake Deprecation Warning at ${HOME}/android-ndk/android-ndk-r27c/build/cmake/flags.cmake:18 (cmake_minimum_required):
  Compatibility with CMake < 3.10 will be removed from a future version of
  CMake.

  Update the VERSION argument <min> value.  Or, use the <min>...<max> syntax
  to tell CMake that the project requires at least <min> but has been updated
  to work with policies introduced by <max> or earlier.
Call Stack (most recent call first):
  /usr/share/cmake/Modules/Platform/Android-Clang.cmake:23 (include)
  /usr/share/cmake/Modules/Platform/Android-Clang-CXX.cmake:1 (include)
  /usr/share/cmake/Modules/CMakeCXXInformation.cmake:48 (include)
  CMakeLists.txt:8 (project)


-- Detecting CXX compiler ABI info
CMake Deprecation Warning at ${HOME}/android-ndk/android-ndk-r27c/build/cmake/android.toolchain.cmake:35 (cmake_minimum_required):
  Compatibility with CMake < 3.10 will be removed from a future version of
  CMake.

  Update the VERSION argument <min> value.  Or, use the <min>...<max> syntax
  to tell CMake that the project requires at least <min> but has been updated
  to work with policies introduced by <max> or earlier.
Call Stack (most recent call first):
  ${REPO_ROOT}/.work/experiments/ndk-runtime/build/logos-module-loader-qt-parent-x86_64/CMakeFiles/3.31.11/CMakeSystem.cmake:6 (include)
  ${REPO_ROOT}/.work/experiments/ndk-runtime/build/logos-module-loader-qt-parent-x86_64/CMakeFiles/CMakeScratch/TryCompile-WGBYSU/CMakeLists.txt:4 (project)


CMake Deprecation Warning at ${HOME}/android-ndk/android-ndk-r27c/build/cmake/android-legacy.toolchain.cmake:35 (cmake_minimum_required):
  Compatibility with CMake < 3.10 will be removed from a future version of
  CMake.

  Update the VERSION argument <min> value.  Or, use the <min>...<max> syntax
  to tell CMake that the project requires at least <min> but has been updated
  to work with policies introduced by <max> or earlier.
Call Stack (most recent call first):
  ${HOME}/android-ndk/android-ndk-r27c/build/cmake/android.toolchain.cmake:55 (include)
  ${REPO_ROOT}/.work/experiments/ndk-runtime/build/logos-module-loader-qt-parent-x86_64/CMakeFiles/3.31.11/CMakeSystem.cmake:6 (include)
  ${REPO_ROOT}/.work/experiments/ndk-runtime/build/logos-module-loader-qt-parent-x86_64/CMakeFiles/CMakeScratch/TryCompile-WGBYSU/CMakeLists.txt:4 (project)


CMake Deprecation Warning at ${HOME}/android-ndk/android-ndk-r27c/build/cmake/flags.cmake:18 (cmake_minimum_required):
  Compatibility with CMake < 3.10 will be removed from a future version of
  CMake.

  Update the VERSION argument <min> value.  Or, use the <min>...<max> syntax
  to tell CMake that the project requires at least <min> but has been updated
  to work with policies introduced by <max> or earlier.
Call Stack (most recent call first):
  /usr/share/cmake/Modules/Platform/Android-Clang.cmake:23 (include)
  /usr/share/cmake/Modules/Platform/Android-Clang-CXX.cmake:1 (include)
  /usr/share/cmake/Modules/CMakeCXXInformation.cmake:48 (include)
  ${REPO_ROOT}/.work/experiments/ndk-runtime/build/logos-module-loader-qt-parent-x86_64/CMakeFiles/CMakeScratch/TryCompile-WGBYSU/CMakeLists.txt:4 (project)


-- Detecting CXX compiler ABI info - done
-- Check for working CXX compiler: ${HOME}/android-ndk/android-ndk-r27c/toolchains/llvm/prebuilt/linux-x86_64/bin/clang++ - skipped
-- Detecting CXX compile features
-- Detecting CXX compile features - done
-- Found nlohmann_json: ${REPO_ROOT}/.work/experiments/ndk-runtime/prefix/x86_64/share/cmake/nlohmann_json/nlohmann_jsonConfig.cmake (found version "3.11.3")
-- Performing Test CMAKE_HAVE_LIBC_PTHREAD
CMake Deprecation Warning at ${HOME}/android-ndk/android-ndk-r27c/build/cmake/android.toolchain.cmake:35 (cmake_minimum_required):
  Compatibility with CMake < 3.10 will be removed from a future version of
  CMake.

  Update the VERSION argument <min> value.  Or, use the <min>...<max> syntax
  to tell CMake that the project requires at least <min> but has been updated
  to work with policies introduced by <max> or earlier.
Call Stack (most recent call first):
  ${REPO_ROOT}/.work/experiments/ndk-runtime/build/logos-module-loader-qt-parent-x86_64/CMakeFiles/3.31.11/CMakeSystem.cmake:6 (include)
  ${REPO_ROOT}/.work/experiments/ndk-runtime/build/logos-module-loader-qt-parent-x86_64/CMakeFiles/CMakeScratch/TryCompile-lVSmHg/CMakeLists.txt:4 (project)


CMake Deprecation Warning at ${HOME}/android-ndk/android-ndk-r27c/build/cmake/android-legacy.toolchain.cmake:35 (cmake_minimum_required):
  Compatibility with CMake < 3.10 will be removed from a future version of
  CMake.

  Update the VERSION argument <min> value.  Or, use the <min>...<max> syntax
  to tell CMake that the project requires at least <min> but has been updated
  to work with policies introduced by <max> or earlier.
Call Stack (most recent call first):
  ${HOME}/android-ndk/android-ndk-r27c/build/cmake/android.toolchain.cmake:55 (include)
  ${REPO_ROOT}/.work/experiments/ndk-runtime/build/logos-module-loader-qt-parent-x86_64/CMakeFiles/3.31.11/CMakeSystem.cmake:6 (include)
  ${REPO_ROOT}/.work/experiments/ndk-runtime/build/logos-module-loader-qt-parent-x86_64/CMakeFiles/CMakeScratch/TryCompile-lVSmHg/CMakeLists.txt:4 (project)


CMake Deprecation Warning at ${HOME}/android-ndk/android-ndk-r27c/build/cmake/flags.cmake:18 (cmake_minimum_required):
  Compatibility with CMake < 3.10 will be removed from a future version of
  CMake.

  Update the VERSION argument <min> value.  Or, use the <min>...<max> syntax
  to tell CMake that the project requires at least <min> but has been updated
  to work with policies introduced by <max> or earlier.
Call Stack (most recent call first):
  /usr/share/cmake/Modules/Platform/Android-Clang.cmake:23 (include)
  /usr/share/cmake/Modules/Platform/Android-Clang-CXX.cmake:1 (include)
  /usr/share/cmake/Modules/CMakeCXXInformation.cmake:48 (include)
  ${REPO_ROOT}/.work/experiments/ndk-runtime/build/logos-module-loader-qt-parent-x86_64/CMakeFiles/CMakeScratch/TryCompile-lVSmHg/CMakeLists.txt:4 (project)


-- Performing Test CMAKE_HAVE_LIBC_PTHREAD - Failed
-- Looking for pthread_create in pthreads
CMake Deprecation Warning at ${HOME}/android-ndk/android-ndk-r27c/build/cmake/android.toolchain.cmake:35 (cmake_minimum_required):
  Compatibility with CMake < 3.10 will be removed from a future version of
  CMake.

  Update the VERSION argument <min> value.  Or, use the <min>...<max> syntax
  to tell CMake that the project requires at least <min> but has been updated
  to work with policies introduced by <max> or earlier.
Call Stack (most recent call first):
  ${REPO_ROOT}/.work/experiments/ndk-runtime/build/logos-module-loader-qt-parent-x86_64/CMakeFiles/3.31.11/CMakeSystem.cmake:6 (include)
  ${REPO_ROOT}/.work/experiments/ndk-runtime/build/logos-module-loader-qt-parent-x86_64/CMakeFiles/CMakeScratch/TryCompile-l8JhR8/CMakeLists.txt:4 (project)


CMake Deprecation Warning at ${HOME}/android-ndk/android-ndk-r27c/build/cmake/android-legacy.toolchain.cmake:35 (cmake_minimum_required):
  Compatibility with CMake < 3.10 will be removed from a future version of
  CMake.

  Update the VERSION argument <min> value.  Or, use the <min>...<max> syntax
  to tell CMake that the project requires at least <min> but has been updated
  to work with policies introduced by <max> or earlier.
Call Stack (most recent call first):
  ${HOME}/android-ndk/android-ndk-r27c/build/cmake/android.toolchain.cmake:55 (include)
  ${REPO_ROOT}/.work/experiments/ndk-runtime/build/logos-module-loader-qt-parent-x86_64/CMakeFiles/3.31.11/CMakeSystem.cmake:6 (include)
  ${REPO_ROOT}/.work/experiments/ndk-runtime/build/logos-module-loader-qt-parent-x86_64/CMakeFiles/CMakeScratch/TryCompile-l8JhR8/CMakeLists.txt:4 (project)


CMake Deprecation Warning at ${HOME}/android-ndk/android-ndk-r27c/build/cmake/flags.cmake:18 (cmake_minimum_required):
  Compatibility with CMake < 3.10 will be removed from a future version of
  CMake.

  Update the VERSION argument <min> value.  Or, use the <min>...<max> syntax
  to tell CMake that the project requires at least <min> but has been updated
  to work with policies introduced by <max> or earlier.
Call Stack (most recent call first):
  /usr/share/cmake/Modules/Platform/Android-Clang.cmake:23 (include)
  /usr/share/cmake/Modules/Platform/Android-Clang-CXX.cmake:1 (include)
  /usr/share/cmake/Modules/CMakeCXXInformation.cmake:48 (include)
  ${REPO_ROOT}/.work/experiments/ndk-runtime/build/logos-module-loader-qt-parent-x86_64/CMakeFiles/CMakeScratch/TryCompile-l8JhR8/CMakeLists.txt:4 (project)


-- Looking for pthread_create in pthreads - not found
-- Looking for pthread_create in pthread
CMake Deprecation Warning at ${HOME}/android-ndk/android-ndk-r27c/build/cmake/android.toolchain.cmake:35 (cmake_minimum_required):
  Compatibility with CMake < 3.10 will be removed from a future version of
  CMake.

  Update the VERSION argument <min> value.  Or, use the <min>...<max> syntax
  to tell CMake that the project requires at least <min> but has been updated
  to work with policies introduced by <max> or earlier.
Call Stack (most recent call first):
  ${REPO_ROOT}/.work/experiments/ndk-runtime/build/logos-module-loader-qt-parent-x86_64/CMakeFiles/3.31.11/CMakeSystem.cmake:6 (include)
  ${REPO_ROOT}/.work/experiments/ndk-runtime/build/logos-module-loader-qt-parent-x86_64/CMakeFiles/CMakeScratch/TryCompile-GRyHBl/CMakeLists.txt:4 (project)


CMake Deprecation Warning at ${HOME}/android-ndk/android-ndk-r27c/build/cmake/android-legacy.toolchain.cmake:35 (cmake_minimum_required):
  Compatibility with CMake < 3.10 will be removed from a future version of
  CMake.

  Update the VERSION argument <min> value.  Or, use the <min>...<max> syntax
  to tell CMake that the project requires at least <min> but has been updated
  to work with policies introduced by <max> or earlier.
Call Stack (most recent call first):
  ${HOME}/android-ndk/android-ndk-r27c/build/cmake/android.toolchain.cmake:55 (include)
  ${REPO_ROOT}/.work/experiments/ndk-runtime/build/logos-module-loader-qt-parent-x86_64/CMakeFiles/3.31.11/CMakeSystem.cmake:6 (include)
  ${REPO_ROOT}/.work/experiments/ndk-runtime/build/logos-module-loader-qt-parent-x86_64/CMakeFiles/CMakeScratch/TryCompile-GRyHBl/CMakeLists.txt:4 (project)


CMake Deprecation Warning at ${HOME}/android-ndk/android-ndk-r27c/build/cmake/flags.cmake:18 (cmake_minimum_required):
  Compatibility with CMake < 3.10 will be removed from a future version of
  CMake.

  Update the VERSION argument <min> value.  Or, use the <min>...<max> syntax
  to tell CMake that the project requires at least <min> but has been updated
  to work with policies introduced by <max> or earlier.
Call Stack (most recent call first):
  /usr/share/cmake/Modules/Platform/Android-Clang.cmake:23 (include)
  /usr/share/cmake/Modules/Platform/Android-Clang-CXX.cmake:1 (include)
  /usr/share/cmake/Modules/CMakeCXXInformation.cmake:48 (include)
  ${REPO_ROOT}/.work/experiments/ndk-runtime/build/logos-module-loader-qt-parent-x86_64/CMakeFiles/CMakeScratch/TryCompile-GRyHBl/CMakeLists.txt:4 (project)


-- Looking for pthread_create in pthread - not found
-- Check if compiler accepts -pthread
CMake Deprecation Warning at ${HOME}/android-ndk/android-ndk-r27c/build/cmake/android.toolchain.cmake:35 (cmake_minimum_required):
  Compatibility with CMake < 3.10 will be removed from a future version of
  CMake.

  Update the VERSION argument <min> value.  Or, use the <min>...<max> syntax
  to tell CMake that the project requires at least <min> but has been updated
  to work with policies introduced by <max> or earlier.
Call Stack (most recent call first):
  ${REPO_ROOT}/.work/experiments/ndk-runtime/build/logos-module-loader-qt-parent-x86_64/CMakeFiles/3.31.11/CMakeSystem.cmake:6 (include)
  ${REPO_ROOT}/.work/experiments/ndk-runtime/build/logos-module-loader-qt-parent-x86_64/CMakeFiles/CMakeScratch/TryCompile-RCX5lR/CMakeLists.txt:4 (project)


CMake Deprecation Warning at ${HOME}/android-ndk/android-ndk-r27c/build/cmake/android-legacy.toolchain.cmake:35 (cmake_minimum_required):
  Compatibility with CMake < 3.10 will be removed from a future version of
  CMake.

  Update the VERSION argument <min> value.  Or, use the <min>...<max> syntax
  to tell CMake that the project requires at least <min> but has been updated
  to work with policies introduced by <max> or earlier.
Call Stack (most recent call first):
  ${HOME}/android-ndk/android-ndk-r27c/build/cmake/android.toolchain.cmake:55 (include)
  ${REPO_ROOT}/.work/experiments/ndk-runtime/build/logos-module-loader-qt-parent-x86_64/CMakeFiles/3.31.11/CMakeSystem.cmake:6 (include)
  ${REPO_ROOT}/.work/experiments/ndk-runtime/build/logos-module-loader-qt-parent-x86_64/CMakeFiles/CMakeScratch/TryCompile-RCX5lR/CMakeLists.txt:4 (project)


CMake Deprecation Warning at ${HOME}/android-ndk/android-ndk-r27c/build/cmake/flags.cmake:18 (cmake_minimum_required):
  Compatibility with CMake < 3.10 will be removed from a future version of
  CMake.

  Update the VERSION argument <min> value.  Or, use the <min>...<max> syntax
  to tell CMake that the project requires at least <min> but has been updated
  to work with policies introduced by <max> or earlier.
Call Stack (most recent call first):
  /usr/share/cmake/Modules/Platform/Android-Clang.cmake:23 (include)
  /usr/share/cmake/Modules/Platform/Android-Clang-CXX.cmake:1 (include)
  /usr/share/cmake/Modules/CMakeCXXInformation.cmake:48 (include)
  ${REPO_ROOT}/.work/experiments/ndk-runtime/build/logos-module-loader-qt-parent-x86_64/CMakeFiles/CMakeScratch/TryCompile-RCX5lR/CMakeLists.txt:4 (project)


-- Check if compiler accepts -pthread - yes
-- Found Threads: TRUE
CMake Warning (dev) at CMakeLists.txt:14 (find_package):
  Policy CMP0167 is not set: The FindBoost module is removed.  Run "cmake
  --help-policy CMP0167" for policy details.  Use the cmake_policy command to
  set the policy and suppress this warning.

This warning is for project developers.  Use -Wno-dev to suppress it.

-- Found Boost: ${REPO_ROOT}/.work/experiments/ndk-runtime/prefix/x86_64/lib/cmake/Boost-1.87.0/BoostConfig.cmake (found version "1.87.0") found components: filesystem
-- Configuring done (0.3s)
-- Generating done (0.0s)
-- Build files have been written to: ${REPO_ROOT}/.work/experiments/ndk-runtime/build/logos-module-loader-qt-parent-x86_64
=================== logos-module-loader-qt-parent build
Change Dir: '${REPO_ROOT}/.work/experiments/ndk-runtime/build/logos-module-loader-qt-parent-x86_64'

Run Build Command(s): /nix/store/7bgiqc706pzzb1gmwgpzdfg491w4a8nx-ninja-1.13.1/bin/ninja -v -j 16 -k 0
[1/3] ${HOME}/android-ndk/android-ndk-r27c/toolchains/llvm/prebuilt/linux-x86_64/bin/clang++ --target=x86_64-none-linux-android34 --sysroot=${HOME}/android-ndk/android-ndk-r27c/toolchains/llvm/prebuilt/linux-x86_64/sysroot -DBOOST_ATOMIC_NO_LIB -DBOOST_FILESYSTEM_NO_LIB -DBOOST_SYSTEM_NO_LIB -DFMT_SHARED -DSPDLOG_COMPILED_LIB -DSPDLOG_FMT_EXTERNAL -DSPDLOG_SHARED_LIB -I${REPO_ROOT}/.work/experiments/ndk-runtime/src/logos-module-loader-qt/src -isystem ${REPO_ROOT}/.work/experiments/ndk-runtime/prefix/x86_64/include -g -DANDROID -fdata-sections -ffunction-sections -funwind-tables -fstack-protector-strong -no-canonical-prefixes -D__BIONIC_NO_PAGE_SIZE_MACRO -D_FORTIFY_SOURCE=2 -Wformat -Werror=format-security   -O3 -DNDEBUG  -std=gnu++17 -fPIC -pthread -MD -MT CMakeFiles/logos_module_loader_qt.dir${REPO_ROOT}/.work/experiments/ndk-runtime/src/logos-module-loader-qt/src/qt_plugin_format_loader_factory.cpp.o -MF CMakeFiles/logos_module_loader_qt.dir${REPO_ROOT}/.work/experiments/ndk-runtime/src/logos-module-loader-qt/src/qt_plugin_format_loader_factory.cpp.o.d -o CMakeFiles/logos_module_loader_qt.dir${REPO_ROOT}/.work/experiments/ndk-runtime/src/logos-module-loader-qt/src/qt_plugin_format_loader_factory.cpp.o -c ${REPO_ROOT}/.work/experiments/ndk-runtime/src/logos-module-loader-qt/src/qt_plugin_format_loader_factory.cpp
[2/3] ${HOME}/android-ndk/android-ndk-r27c/toolchains/llvm/prebuilt/linux-x86_64/bin/clang++ --target=x86_64-none-linux-android34 --sysroot=${HOME}/android-ndk/android-ndk-r27c/toolchains/llvm/prebuilt/linux-x86_64/sysroot -DBOOST_ATOMIC_NO_LIB -DBOOST_FILESYSTEM_NO_LIB -DBOOST_SYSTEM_NO_LIB -DFMT_SHARED -DSPDLOG_COMPILED_LIB -DSPDLOG_FMT_EXTERNAL -DSPDLOG_SHARED_LIB -I${REPO_ROOT}/.work/experiments/ndk-runtime/src/logos-module-loader-qt/src -isystem ${REPO_ROOT}/.work/experiments/ndk-runtime/prefix/x86_64/include -g -DANDROID -fdata-sections -ffunction-sections -funwind-tables -fstack-protector-strong -no-canonical-prefixes -D__BIONIC_NO_PAGE_SIZE_MACRO -D_FORTIFY_SOURCE=2 -Wformat -Werror=format-security   -O3 -DNDEBUG  -std=gnu++17 -fPIC -pthread -MD -MT CMakeFiles/logos_module_loader_qt.dir${REPO_ROOT}/.work/experiments/ndk-runtime/src/logos-module-loader-qt/src/qt_plugin_format_loader.cpp.o -MF CMakeFiles/logos_module_loader_qt.dir${REPO_ROOT}/.work/experiments/ndk-runtime/src/logos-module-loader-qt/src/qt_plugin_format_loader.cpp.o.d -o CMakeFiles/logos_module_loader_qt.dir${REPO_ROOT}/.work/experiments/ndk-runtime/src/logos-module-loader-qt/src/qt_plugin_format_loader.cpp.o -c ${REPO_ROOT}/.work/experiments/ndk-runtime/src/logos-module-loader-qt/src/qt_plugin_format_loader.cpp
[3/3] : && /usr/bin/cmake -E rm -f liblogos_module_loader_qt.a && ${HOME}/android-ndk/android-ndk-r27c/toolchains/llvm/prebuilt/linux-x86_64/bin/llvm-ar qc liblogos_module_loader_qt.a  CMakeFiles/logos_module_loader_qt.dir${REPO_ROOT}/.work/experiments/ndk-runtime/src/logos-module-loader-qt/src/qt_plugin_format_loader.cpp.o CMakeFiles/logos_module_loader_qt.dir${REPO_ROOT}/.work/experiments/ndk-runtime/src/logos-module-loader-qt/src/qt_plugin_format_loader_factory.cpp.o && ${HOME}/android-ndk/android-ndk-r27c/toolchains/llvm/prebuilt/linux-x86_64/bin/llvm-ranlib liblogos_module_loader_qt.a && :

-- Install configuration: "Release"
-- Installing: ${REPO_ROOT}/.work/experiments/ndk-runtime/prefix/x86_64/lib/liblogos_module_loader_qt.a
-- Installing: ${REPO_ROOT}/.work/experiments/ndk-runtime/prefix/x86_64/include/logos_module_loader_qt/qt_plugin_format_loader.h
-- Installing: ${REPO_ROOT}/.work/experiments/ndk-runtime/prefix/x86_64/lib/cmake/LogosFormatLoaderImpl/LogosFormatLoaderImplConfig.cmake
=================== SUMMARY
logos-container: OK wall=0s
logos-container-subprocess: OK wall=4s
logos-module-loader: OK wall=1s
logos-module-loader-qt-parent: OK wall=2s
process-stats: OK wall=1s
== artifacts
-rw-r--r--. 1 fryorcraken fryorcraken 4506852 Sep 25 17:34 ${REPO_ROOT}/.work/experiments/ndk-runtime/prefix/x86_64/lib/liblogos_container_subprocess.a
-rw-r--r--. 1 fryorcraken fryorcraken  844180 Sep 25 17:34 ${REPO_ROOT}/.work/experiments/ndk-runtime/prefix/x86_64/lib/liblogos_module_loader_qt.a
-rw-r--r--. 1 fryorcraken fryorcraken 1733180 Sep 25 17:34 ${REPO_ROOT}/.work/experiments/ndk-runtime/prefix/x86_64/lib/libprocess_stats.a
${REPO_ROOT}/.work/experiments/ndk-runtime/prefix/x86_64/include:
boost
CLI
fmt
logos_container
logos_container_subprocess
logos_module_loader
logos_module_loader_qt
nlohmann
process_stats
spdlog

${REPO_ROOT}/.work/experiments/ndk-runtime/prefix/x86_64/lib/cmake:
Boost-1.87.0
boost_atomic-1.87.0
boost_context-1.87.0
boost_date_time-1.87.0
BoostDetectToolset-1.87.0.cmake
boost_filesystem-1.87.0
boost_headers-1.87.0
boost_process-1.87.0
boost_system-1.87.0
fmt
LogosContainerImpl
LogosFormatLoaderImpl
spdlog
2026-09-25T17:34:03+10:00
