== date
2026-09-25T14:30:18+10:00
cmake    /usr/bin/cmake
ninja    MISSING
make     /usr/bin/make
python3  /usr/bin/python3
curl     /usr/bin/curl
wget     /usr/bin/wget
git      /usr/bin/git
tar      /usr/bin/tar
unzip    /usr/bin/unzip
nproc    /usr/bin/nproc
file     /usr/bin/file
readelf  /usr/bin/readelf
cmake version 3.31.11
${REPO_ROOT}/.work/scripts/ndk-runtime-env.sh: line 12: ninja: command not found
Pkg.Desc = Android NDK
Pkg.Revision = 27.2.12479018
Pkg.BaseRevision = 27.2.12479018
Pkg.ReleaseName = r27c
clang
clang++
clang-18
clang-check
clangd
clang-format
clang-scan-deps
clang-tidy
clang-tidy.sh
llvm-ar
llvm-ranlib
llvm-readelf
llvm-strip
x86_64-linux-android34-clang
x86_64-linux-android34-clang++
Android (12470979, +pgo, +bolt, +lto, +mlgo, based on r522817c) clang version 18.0.3 (https://android.googlesource.com/toolchain/llvm-project d8003a456d14a3deb8054cdaa529ffbf02d9b262)
21
22
23
24
25
26
27
28
29
30
31
32
33
34
35
libc.a
libc++abi.a
libc++experimental.a
libcompiler_rt-extras.a
libc++_shared.so
libc++_static.a
libdl.a
libm.a
libstdc++.a
libz.a
tflite_support_libz.a
7bgiqc706pzzb1gmwgpzdfg491w4a8nx-ninja-1.13.1
8lkl3s4bjx99f634k52zg3hm9d3747mw-cargo-src-cmake-0.1.58
983jy28hav03r1mmbhvavm7z1y4i5vm2-cargo-package-cmake-0.1.58
a94d5zmalqava26y3hqsnj5l11l5kl5y-cmake-3.31.7
gp6cci56yxjbw5a9dqjk5bjmxmqs1w34-fix-cmake-4.patch
i5zf2arkflazjnxv2y46fmhyfwzl5hdy-cmake-4.1.2
== adb devices
List of devices attached

== disk
/dev/mapper/luks-df10eb8e-9965-49fd-8679-90d126b9675d  930G  852G   70G  93% /home
