2026-09-25T18:04:45+10:00
${REPO_ROOT}/.work/experiments/ndk-runtime/src/logos-module-loader-qt/src/host/logos_host.cpp:148:21: error: no member named 'backtrace' in the global namespace
  148 |     const int n = ::backtrace(frames, 64);
      |                   ~~^
1 error generated.
CHECK upstream api28 logos_host.cpp: COMPILE ERROR
CHECK upstream api28 qt_app.cpp: compiles
CHECK upstream api34 logos_host.cpp: compiles
CHECK upstream api34 qt_app.cpp: compiles
PATCH apply exit=0
PATCH  src/CMakeLists.txt              |  9 ++++++++-
PATCH  src/host/logos_host.cpp         |  7 ++++++-
PATCH  src/qt_plugin_format_loader.cpp | 15 +++++++++++++++
PATCH  3 files changed, 29 insertions(+), 2 deletions(-)
CHECK patched api28 logos_host.cpp: compiles
CHECK patched api28 qt_app.cpp: compiles
CHECK patched api34 logos_host.cpp: compiles
CHECK patched api34 qt_app.cpp: compiles
CMake Deprecation Warning at ${HOME}/android-ndk/android-ndk-r27c/build/cmake/android.toolchain.cmake:35 (cmake_minimum_required):
  Compatibility with CMake < 3.10 will be removed from a future version of
  CMake.

  Update the VERSION argument <min> value.  Or, use the <min>...<max> syntax
  to tell CMake that the project requires at least <min> but has been updated
  to work with policies introduced by <max> or earlier.
Call Stack (most recent call first):
  /usr/share/cmake/Modules/CMakeDetermineSystem.cmake:146 (include)
  CMakeLists.txt:8 (project)


CMake Deprecation Warning at ${HOME}/android-ndk/android-ndk-r27c/build/cmake/android-legacy.toolchain.cmake:35 (cmake_minimum_required):
  Compatibility with CMake < 3.10 will be removed from a future version of
  CMake.

  Update the VERSION argument <min> value.  Or, use the <min>...<max> syntax
  to tell CMake that the project requires at least <min> but has been updated
  to work with policies introduced by <max> or earlier.
Call Stack (most recent call first):
  ${HOME}/android-ndk/android-ndk-r27c/build/cmake/android.toolchain.cmake:55 (include)
  /usr/share/cmake/Modules/CMakeDetermineSystem.cmake:146 (include)
  CMakeLists.txt:8 (project)


CMake Deprecation Warning at ${HOME}/android-ndk/android-ndk-r27c/build/cmake/android.toolchain.cmake:35 (cmake_minimum_required):
  Compatibility with CMake < 3.10 will be removed from a future version of
  CMake.

  Update the VERSION argument <min> value.  Or, use the <min>...<max> syntax
  to tell CMake that the project requires at least <min> but has been updated
  to work with policies introduced by <max> or earlier.
Call Stack (most recent call first):
  ${REPO_ROOT}/.work/experiments/ndk-runtime/build/logos-module-loader-qt-parent-x86_64/CMakeFiles/3.31.11/CMakeSystem.cmake:6 (include)
  CMakeLists.txt:8 (project)


-- The CXX compiler identification is Clang 18.0.3
CMake Deprecation Warning at ${HOME}/android-ndk/android-ndk-r27c/build/cmake/flags.cmake:18 (cmake_minimum_required):
  Compatibility with CMake < 3.10 will be removed from a future version of
  CMake.

  Update the VERSION argument <min> value.  Or, use the <min>...<max> syntax
  to tell CMake that the project requires at least <min> but has been updated
  to work with policies introduced by <max> or earlier.
Call Stack (most recent call first):
  /usr/share/cmake/Modules/Platform/Android-Clang.cmake:23 (include)
  /usr/share/cmake/Modules/Platform/Android-Clang-CXX.cmake:1 (include)
  /usr/share/cmake/Modules/CMakeCXXInformation.cmake:48 (include)
  CMakeLists.txt:8 (project)


-- Detecting CXX compiler ABI info
CMake Deprecation Warning at ${HOME}/android-ndk/android-ndk-r27c/build/cmake/android.toolchain.cmake:35 (cmake_minimum_required):
  Compatibility with CMake < 3.10 will be removed from a future version of
  CMake.

  Update the VERSION argument <min> value.  Or, use the <min>...<max> syntax
  to tell CMake that the project requires at least <min> but has been updated
  to work with policies introduced by <max> or earlier.
Call Stack (most recent call first):
  ${REPO_ROOT}/.work/experiments/ndk-runtime/build/logos-module-loader-qt-parent-x86_64/CMakeFiles/3.31.11/CMakeSystem.cmake:6 (include)
  ${REPO_ROOT}/.work/experiments/ndk-runtime/build/logos-module-loader-qt-parent-x86_64/CMakeFiles/CMakeScratch/TryCompile-F2z5Mp/CMakeLists.txt:4 (project)


CMake Deprecation Warning at ${HOME}/android-ndk/android-ndk-r27c/build/cmake/android-legacy.toolchain.cmake:35 (cmake_minimum_required):
  Compatibility with CMake < 3.10 will be removed from a future version of
  CMake.

  Update the VERSION argument <min> value.  Or, use the <min>...<max> syntax
  to tell CMake that the project requires at least <min> but has been updated
  to work with policies introduced by <max> or earlier.
Call Stack (most recent call first):
  ${HOME}/android-ndk/android-ndk-r27c/build/cmake/android.toolchain.cmake:55 (include)
  ${REPO_ROOT}/.work/experiments/ndk-runtime/build/logos-module-loader-qt-parent-x86_64/CMakeFiles/3.31.11/CMakeSystem.cmake:6 (include)
  ${REPO_ROOT}/.work/experiments/ndk-runtime/build/logos-module-loader-qt-parent-x86_64/CMakeFiles/CMakeScratch/TryCompile-F2z5Mp/CMakeLists.txt:4 (project)


CMake Deprecation Warning at ${HOME}/android-ndk/android-ndk-r27c/build/cmake/flags.cmake:18 (cmake_minimum_required):
  Compatibility with CMake < 3.10 will be removed from a future version of
  CMake.

  Update the VERSION argument <min> value.  Or, use the <min>...<max> syntax
  to tell CMake that the project requires at least <min> but has been updated
  to work with policies introduced by <max> or earlier.
Call Stack (most recent call first):
  /usr/share/cmake/Modules/Platform/Android-Clang.cmake:23 (include)
  /usr/share/cmake/Modules/Platform/Android-Clang-CXX.cmake:1 (include)
  /usr/share/cmake/Modules/CMakeCXXInformation.cmake:48 (include)
  ${REPO_ROOT}/.work/experiments/ndk-runtime/build/logos-module-loader-qt-parent-x86_64/CMakeFiles/CMakeScratch/TryCompile-F2z5Mp/CMakeLists.txt:4 (project)


-- Detecting CXX compiler ABI info - done
-- Check for working CXX compiler: ${HOME}/android-ndk/android-ndk-r27c/toolchains/llvm/prebuilt/linux-x86_64/bin/clang++ - skipped
-- Detecting CXX compile features
-- Detecting CXX compile features - done
-- Found nlohmann_json: ${REPO_ROOT}/.work/experiments/ndk-runtime/prefix/x86_64/share/cmake/nlohmann_json/nlohmann_jsonConfig.cmake (found version "3.11.3")
-- Performing Test CMAKE_HAVE_LIBC_PTHREAD
CMake Deprecation Warning at ${HOME}/android-ndk/android-ndk-r27c/build/cmake/android.toolchain.cmake:35 (cmake_minimum_required):
  Compatibility with CMake < 3.10 will be removed from a future version of
  CMake.

  Update the VERSION argument <min> value.  Or, use the <min>...<max> syntax
  to tell CMake that the project requires at least <min> but has been updated
  to work with policies introduced by <max> or earlier.
Call Stack (most recent call first):
  ${REPO_ROOT}/.work/experiments/ndk-runtime/build/logos-module-loader-qt-parent-x86_64/CMakeFiles/3.31.11/CMakeSystem.cmake:6 (include)
  ${REPO_ROOT}/.work/experiments/ndk-runtime/build/logos-module-loader-qt-parent-x86_64/CMakeFiles/CMakeScratch/TryCompile-xPEA65/CMakeLists.txt:4 (project)


CMake Deprecation Warning at ${HOME}/android-ndk/android-ndk-r27c/build/cmake/android-legacy.toolchain.cmake:35 (cmake_minimum_required):
  Compatibility with CMake < 3.10 will be removed from a future version of
  CMake.

  Update the VERSION argument <min> value.  Or, use the <min>...<max> syntax
  to tell CMake that the project requires at least <min> but has been updated
  to work with policies introduced by <max> or earlier.
Call Stack (most recent call first):
  ${HOME}/android-ndk/android-ndk-r27c/build/cmake/android.toolchain.cmake:55 (include)
  ${REPO_ROOT}/.work/experiments/ndk-runtime/build/logos-module-loader-qt-parent-x86_64/CMakeFiles/3.31.11/CMakeSystem.cmake:6 (include)
  ${REPO_ROOT}/.work/experiments/ndk-runtime/build/logos-module-loader-qt-parent-x86_64/CMakeFiles/CMakeScratch/TryCompile-xPEA65/CMakeLists.txt:4 (project)


CMake Deprecation Warning at ${HOME}/android-ndk/android-ndk-r27c/build/cmake/flags.cmake:18 (cmake_minimum_required):
  Compatibility with CMake < 3.10 will be removed from a future version of
  CMake.

  Update the VERSION argument <min> value.  Or, use the <min>...<max> syntax
  to tell CMake that the project requires at least <min> but has been updated
  to work with policies introduced by <max> or earlier.
Call Stack (most recent call first):
  /usr/share/cmake/Modules/Platform/Android-Clang.cmake:23 (include)
  /usr/share/cmake/Modules/Platform/Android-Clang-CXX.cmake:1 (include)
  /usr/share/cmake/Modules/CMakeCXXInformation.cmake:48 (include)
  ${REPO_ROOT}/.work/experiments/ndk-runtime/build/logos-module-loader-qt-parent-x86_64/CMakeFiles/CMakeScratch/TryCompile-xPEA65/CMakeLists.txt:4 (project)


-- Performing Test CMAKE_HAVE_LIBC_PTHREAD - Failed
-- Looking for pthread_create in pthreads
CMake Deprecation Warning at ${HOME}/android-ndk/android-ndk-r27c/build/cmake/android.toolchain.cmake:35 (cmake_minimum_required):
  Compatibility with CMake < 3.10 will be removed from a future version of
  CMake.

  Update the VERSION argument <min> value.  Or, use the <min>...<max> syntax
  to tell CMake that the project requires at least <min> but has been updated
  to work with policies introduced by <max> or earlier.
Call Stack (most recent call first):
  ${REPO_ROOT}/.work/experiments/ndk-runtime/build/logos-module-loader-qt-parent-x86_64/CMakeFiles/3.31.11/CMakeSystem.cmake:6 (include)
  ${REPO_ROOT}/.work/experiments/ndk-runtime/build/logos-module-loader-qt-parent-x86_64/CMakeFiles/CMakeScratch/TryCompile-lu81lr/CMakeLists.txt:4 (project)


CMake Deprecation Warning at ${HOME}/android-ndk/android-ndk-r27c/build/cmake/android-legacy.toolchain.cmake:35 (cmake_minimum_required):
  Compatibility with CMake < 3.10 will be removed from a future version of
  CMake.

  Update the VERSION argument <min> value.  Or, use the <min>...<max> syntax
  to tell CMake that the project requires at least <min> but has been updated
  to work with policies introduced by <max> or earlier.
Call Stack (most recent call first):
  ${HOME}/android-ndk/android-ndk-r27c/build/cmake/android.toolchain.cmake:55 (include)
  ${REPO_ROOT}/.work/experiments/ndk-runtime/build/logos-module-loader-qt-parent-x86_64/CMakeFiles/3.31.11/CMakeSystem.cmake:6 (include)
  ${REPO_ROOT}/.work/experiments/ndk-runtime/build/logos-module-loader-qt-parent-x86_64/CMakeFiles/CMakeScratch/TryCompile-lu81lr/CMakeLists.txt:4 (project)


CMake Deprecation Warning at ${HOME}/android-ndk/android-ndk-r27c/build/cmake/flags.cmake:18 (cmake_minimum_required):
  Compatibility with CMake < 3.10 will be removed from a future version of
  CMake.

  Update the VERSION argument <min> value.  Or, use the <min>...<max> syntax
  to tell CMake that the project requires at least <min> but has been updated
  to work with policies introduced by <max> or earlier.
Call Stack (most recent call first):
  /usr/share/cmake/Modules/Platform/Android-Clang.cmake:23 (include)
  /usr/share/cmake/Modules/Platform/Android-Clang-CXX.cmake:1 (include)
  /usr/share/cmake/Modules/CMakeCXXInformation.cmake:48 (include)
  ${REPO_ROOT}/.work/experiments/ndk-runtime/build/logos-module-loader-qt-parent-x86_64/CMakeFiles/CMakeScratch/TryCompile-lu81lr/CMakeLists.txt:4 (project)


-- Looking for pthread_create in pthreads - not found
-- Looking for pthread_create in pthread
CMake Deprecation Warning at ${HOME}/android-ndk/android-ndk-r27c/build/cmake/android.toolchain.cmake:35 (cmake_minimum_required):
  Compatibility with CMake < 3.10 will be removed from a future version of
  CMake.

  Update the VERSION argument <min> value.  Or, use the <min>...<max> syntax
  to tell CMake that the project requires at least <min> but has been updated
  to work with policies introduced by <max> or earlier.
Call Stack (most recent call first):
  ${REPO_ROOT}/.work/experiments/ndk-runtime/build/logos-module-loader-qt-parent-x86_64/CMakeFiles/3.31.11/CMakeSystem.cmake:6 (include)
  ${REPO_ROOT}/.work/experiments/ndk-runtime/build/logos-module-loader-qt-parent-x86_64/CMakeFiles/CMakeScratch/TryCompile-sfJD0E/CMakeLists.txt:4 (project)


CMake Deprecation Warning at ${HOME}/android-ndk/android-ndk-r27c/build/cmake/android-legacy.toolchain.cmake:35 (cmake_minimum_required):
  Compatibility with CMake < 3.10 will be removed from a future version of
  CMake.

  Update the VERSION argument <min> value.  Or, use the <min>...<max> syntax
  to tell CMake that the project requires at least <min> but has been updated
  to work with policies introduced by <max> or earlier.
Call Stack (most recent call first):
  ${HOME}/android-ndk/android-ndk-r27c/build/cmake/android.toolchain.cmake:55 (include)
  ${REPO_ROOT}/.work/experiments/ndk-runtime/build/logos-module-loader-qt-parent-x86_64/CMakeFiles/3.31.11/CMakeSystem.cmake:6 (include)
  ${REPO_ROOT}/.work/experiments/ndk-runtime/build/logos-module-loader-qt-parent-x86_64/CMakeFiles/CMakeScratch/TryCompile-sfJD0E/CMakeLists.txt:4 (project)


CMake Deprecation Warning at ${HOME}/android-ndk/android-ndk-r27c/build/cmake/flags.cmake:18 (cmake_minimum_required):
  Compatibility with CMake < 3.10 will be removed from a future version of
  CMake.

  Update the VERSION argument <min> value.  Or, use the <min>...<max> syntax
  to tell CMake that the project requires at least <min> but has been updated
  to work with policies introduced by <max> or earlier.
Call Stack (most recent call first):
  /usr/share/cmake/Modules/Platform/Android-Clang.cmake:23 (include)
  /usr/share/cmake/Modules/Platform/Android-Clang-CXX.cmake:1 (include)
  /usr/share/cmake/Modules/CMakeCXXInformation.cmake:48 (include)
  ${REPO_ROOT}/.work/experiments/ndk-runtime/build/logos-module-loader-qt-parent-x86_64/CMakeFiles/CMakeScratch/TryCompile-sfJD0E/CMakeLists.txt:4 (project)


-- Looking for pthread_create in pthread - not found
-- Check if compiler accepts -pthread
CMake Deprecation Warning at ${HOME}/android-ndk/android-ndk-r27c/build/cmake/android.toolchain.cmake:35 (cmake_minimum_required):
  Compatibility with CMake < 3.10 will be removed from a future version of
  CMake.

  Update the VERSION argument <min> value.  Or, use the <min>...<max> syntax
  to tell CMake that the project requires at least <min> but has been updated
  to work with policies introduced by <max> or earlier.
Call Stack (most recent call first):
  ${REPO_ROOT}/.work/experiments/ndk-runtime/build/logos-module-loader-qt-parent-x86_64/CMakeFiles/3.31.11/CMakeSystem.cmake:6 (include)
  ${REPO_ROOT}/.work/experiments/ndk-runtime/build/logos-module-loader-qt-parent-x86_64/CMakeFiles/CMakeScratch/TryCompile-rMyUdc/CMakeLists.txt:4 (project)


CMake Deprecation Warning at ${HOME}/android-ndk/android-ndk-r27c/build/cmake/android-legacy.toolchain.cmake:35 (cmake_minimum_required):
  Compatibility with CMake < 3.10 will be removed from a future version of
  CMake.

  Update the VERSION argument <min> value.  Or, use the <min>...<max> syntax
  to tell CMake that the project requires at least <min> but has been updated
  to work with policies introduced by <max> or earlier.
Call Stack (most recent call first):
  ${HOME}/android-ndk/android-ndk-r27c/build/cmake/android.toolchain.cmake:55 (include)
  ${REPO_ROOT}/.work/experiments/ndk-runtime/build/logos-module-loader-qt-parent-x86_64/CMakeFiles/3.31.11/CMakeSystem.cmake:6 (include)
  ${REPO_ROOT}/.work/experiments/ndk-runtime/build/logos-module-loader-qt-parent-x86_64/CMakeFiles/CMakeScratch/TryCompile-rMyUdc/CMakeLists.txt:4 (project)


CMake Deprecation Warning at ${HOME}/android-ndk/android-ndk-r27c/build/cmake/flags.cmake:18 (cmake_minimum_required):
  Compatibility with CMake < 3.10 will be removed from a future version of
  CMake.

  Update the VERSION argument <min> value.  Or, use the <min>...<max> syntax
  to tell CMake that the project requires at least <min> but has been updated
  to work with policies introduced by <max> or earlier.
Call Stack (most recent call first):
  /usr/share/cmake/Modules/Platform/Android-Clang.cmake:23 (include)
  /usr/share/cmake/Modules/Platform/Android-Clang-CXX.cmake:1 (include)
  /usr/share/cmake/Modules/CMakeCXXInformation.cmake:48 (include)
  ${REPO_ROOT}/.work/experiments/ndk-runtime/build/logos-module-loader-qt-parent-x86_64/CMakeFiles/CMakeScratch/TryCompile-rMyUdc/CMakeLists.txt:4 (project)


-- Check if compiler accepts -pthread - yes
-- Found Threads: TRUE
CMake Warning (dev) at CMakeLists.txt:14 (find_package):
  Policy CMP0167 is not set: The FindBoost module is removed.  Run "cmake
  --help-policy CMP0167" for policy details.  Use the cmake_policy command to
  set the policy and suppress this warning.

This warning is for project developers.  Use -Wno-dev to suppress it.

-- Found Boost: ${REPO_ROOT}/.work/experiments/ndk-runtime/prefix/x86_64/lib/cmake/Boost-1.87.0/BoostConfig.cmake (found version "1.87.0") found components: filesystem
-- Configuring done (0.3s)
-- Generating done (0.0s)
-- Build files have been written to: ${REPO_ROOT}/.work/experiments/ndk-runtime/build/logos-module-loader-qt-parent-x86_64
[1/3] Building CXX object CMakeFiles/logos_module_loader_qt.dir${REPO_ROOT}/.work/experiments/ndk-runtime/src/logos-module-loader-qt/src/qt_plugin_format_loader_factory.cpp.o
[2/3] Building CXX object CMakeFiles/logos_module_loader_qt.dir${REPO_ROOT}/.work/experiments/ndk-runtime/src/logos-module-loader-qt/src/qt_plugin_format_loader.cpp.o
[3/3] Linking CXX static library liblogos_module_loader_qt.a
-- Install configuration: "Release"
-- Installing: ${REPO_ROOT}/.work/experiments/ndk-runtime/prefix/x86_64/lib/liblogos_module_loader_qt.a
-- Up-to-date: ${REPO_ROOT}/.work/experiments/ndk-runtime/prefix/x86_64/include/logos_module_loader_qt/qt_plugin_format_loader.h
-- Up-to-date: ${REPO_ROOT}/.work/experiments/ndk-runtime/prefix/x86_64/lib/cmake/LogosFormatLoaderImpl/LogosFormatLoaderImplConfig.cmake
BUILD patched loader-qt-parent exit=0
2026-09-25T18:04:55+10:00
