List of devices attached

== starting AVD delivery-demo 2026-09-25T17:14:12+10:00
DISPLAY=:0 WAYLAND_DISPLAY=wayland-0
emulator pid 3472856
3472856 ${HOME}/android-sdk/emulator/qemu/linux-x86_64/qemu-system-x86_64 -avd delivery-demo -no-audio -no-boot-anim -no-snapshot-save
3472862 ${HOME}/android-sdk/emulator/crashpad_handler --no-rate-limit --database=/tmp/android-fryorcraken/emu-crash-37.1.11.db --url=https://clients2.google.com/cr/report --annotation=prod=AndroidEmulator --annotation=ver=37.1.11-15917651 --initial-client-fd=4 --shared-client-connection
3473006 ${HOME}/android-sdk/emulator/netsimd --host-dns=127.0.0.53
boot_completed=1 after 25s
34
x86_64
Linux localhost 6.1.23-android14-4-00257-g7e35917775b8-ab9964412 #1 SMP PREEMPT Mon Apr 17 20:50:58 UTC 2023 x86_64 Toybox
== network check from device
connect: Network is unreachable
toybox: Unknown command nslookup (see "toybox --help")
/system/bin/sh: getent: inaccessible or not found
INFO         | AVD supportsNativeGLES=1, supportsGuestAngle=0
INFO         | Platform does not support Guest Angle
INFO         | Created extended window in 173.02ms
INFO         | Boot completed in 23626 ms
INFO         | Increasing screen off timeout, logcat buffer size to 2M.
DONE
