[     0 ms][main] desktop-harness mode=introspect TMPDIR=${REPO_ROOT}/.work/dh/a1 LOGOS_HOST_PATH=/nix/store/7jcna50jgjmzx28nk6a14x5y6f5dwlrb-logos-liblogos/bin/logos_host
[     0 ms][qt] QCoreApplication created on thread 139992703657664
[2026-09-25 16:10:08.124] [info] [logos] Granting host services to 'capability_module': token_registry,token_delivery
[2026-09-25 16:10:08.136] [out] [capability_module] [2026-09-25 16:10:08.136] [info] Granting host services to capability_module: ["token_registry","token_delivery"]
[2026-09-25 16:10:08.138] [info] [logos] Module loaded: capability_module
[    15 ms][qt] logos_core_start() returned
[    15 ms][main] runtime up in 15 ms; protocol=0.9.0 mode=remote; qt thread=139992703657664
[2026-09-25 16:10:08.149] [info] [logos] Module loaded: lez_core
[2026-09-25 16:10:08.160] [info] [logos] Module loaded: lez_probe
[    37 ms][main] load(lez_probe) from this (non-Qt) thread -> 1 in 22 ms
[2026-09-25 16:10:08.172] [info] [logos] Module loaded: ev_probe
[    49 ms][main] load(ev_probe) from this (non-Qt) thread -> 1 in 12 ms
[    50 ms][main] lp_client_create(lez_core) -> 0xc861500 in 1 ms
[    51 ms][main] INTROSPECT lez_core.getPluginMethods rc=0 in 1 ms, 7609 bytes: [{"isInvokable":true,"name":"name","returnType":"QString","signature":"name()"},{"isInvokable":true,"name":"version","returnType":"QString","signature":"version()"},{"isInvokable":true,"name":"wallet_ ... err=(null)
[    52 ms][main] INTROSPECT lez_core.getPluginEvents rc=0 in 1 ms, 2 bytes: [] err=(null)
[    52 ms][main] INTROSPECT lez_core.getPluginInterface rc=0 in 0 ms, 7609 bytes: [{"isInvokable":true,"name":"name","returnType":"QString","signature":"name()"},{"isInvokable":true,"name":"version","returnType":"QString","signature":"version()"},{"isInvokable":true,"name":"wallet_ ... err=(null)
[    53 ms][main] INTROSPECT lez_core lp_get_methods -> []
[    53 ms][main] lp_client_create(lez_probe) -> 0xc87c4f0 in 0 ms
[    53 ms][main] INTROSPECT lez_probe.getPluginMethods rc=0 in 0 ms, 840 bytes: [{"isInvokable":true,"name":"ping","returnType":"QString","signature":"ping()"},{"isInvokable":true,"name":"to_base58_via_lez","parameters":[{"name":"account_id_hex","type":"QString"}],"returnType":"Q ... err=(null)
[    53 ms][main] INTROSPECT lez_probe.getPluginEvents rc=0 in 0 ms, 2 bytes: [] err=(null)
[    54 ms][main] INTROSPECT lez_probe.getPluginInterface rc=0 in 1 ms, 840 bytes: [{"isInvokable":true,"name":"ping","returnType":"QString","signature":"ping()"},{"isInvokable":true,"name":"to_base58_via_lez","parameters":[{"name":"account_id_hex","type":"QString"}],"returnType":"Q ... err=(null)
[    54 ms][main] INTROSPECT lez_probe lp_get_methods -> []
[    54 ms][main] lp_client_create(ev_probe) -> 0xc8647d0 in 0 ms
[    54 ms][main] INTROSPECT ev_probe.getPluginMethods rc=0 in 0 ms, 799 bytes: [{"isInvokable":true,"name":"ping","returnType":"QString","signature":"ping()"},{"isInvokable":true,"name":"fire","parameters":[{"name":"data","type":"QString"}],"returnType":"bool","signature":"fire( ... err=(null)
[    55 ms][main] INTROSPECT ev_probe.getPluginEvents rc=0 in 1 ms, 112 bytes: [{"name":"pinged","parameters":[{"name":"data","type":"QString"}],"signature":"pinged(QString)","type":"event"}] err=(null)
[    55 ms][main] INTROSPECT ev_probe.getPluginInterface rc=0 in 0 ms, 910 bytes: [{"isInvokable":true,"name":"ping","returnType":"QString","signature":"ping()"},{"isInvokable":true,"name":"fire","parameters":[{"name":"data","type":"QString"}],"returnType":"bool","signature":"fire( ... err=(null)
[    56 ms][main] INTROSPECT ev_probe lp_get_methods -> []
[    56 ms][main] lp_client_create(capability_module) -> 0xc8615c0 in 0 ms
[    56 ms][main] INTROSPECT capability_module.getPluginMethods rc=0 in 0 ms, 876 bytes: [{"isInvokable":true,"name":"requestModule","parameters":[{"name":"fromModuleName","type":"tstr"},{"name":"moduleName","type":"tstr"}],"returnType":"tstr","signature":"requestModule(tstr,tstr)"},{"isI ... err=(null)
[    56 ms][main] INTROSPECT capability_module.getPluginEvents rc=0 in 0 ms, 2 bytes: [] err=(null)
[    57 ms][main] INTROSPECT capability_module.getPluginInterface rc=0 in 1 ms, 876 bytes: [{"isInvokable":true,"name":"requestModule","parameters":[{"name":"fromModuleName","type":"tstr"},{"name":"moduleName","type":"tstr"}],"returnType":"tstr","signature":"requestModule(tstr,tstr)"},{"isI ... err=(null)
[    57 ms][main] INTROSPECT capability_module lp_get_methods -> []
[    57 ms][qt] exec() returned 0; logos_core_cleanup()
[   257 ms][qt] cleanup done
[   257 ms][main] done (rc=0); shutdown took 200 ms
